ts-8b1d8071943f9ab001945de267e23083-launcher:393358:393553 [3] NCCL INFO comm 0xe6fb7180 rank 3 nranks 6 cudaDev 3 nvmlDev 3 busId c4000 commId 0x68c80bf02d2e6543 - Init COMPLETE
ts-8b1d8071943f9ab001945de267e23083-launcher:393357:393551 [2] NCCL INFO comm 0xe6b769d0 rank 2 nranks 6 cudaDev 2 nvmlDev 2 busId 85000 commId 0x68c80bf02d2e6543 - Init COMPLETE
ts-8b1d8071943f9ab001945de267e23083-launcher:393360:393550 [5] NCCL INFO comm 0xe6acf1b0 rank 5 nranks 6 cudaDev 5 nvmlDev 5 busId dd000 commId 0x68c80bf02d2e6543 - Init COMPLETE
ts-8b1d8071943f9ab001945de267e23083-launcher:393359:393549 [4] NCCL INFO comm 0xe6365270 rank 4 nranks 6 cudaDev 4 nvmlDev 4 busId d0000 commId 0x68c80bf02d2e6543 - Init COMPLETE
ts-8b1d8071943f9ab001945de267e23083-launcher:393356:393552 [1] NCCL INFO comm 0xe1a06860 rank 1 nranks 6 cudaDev 1 nvmlDev 1 busId 62000 commId 0x68c80bf02d2e6543 - Init COMPLETE
ts-8b1d8071943f9ab001945de267e23083-launcher:393355:393548 [0] NCCL INFO comm 0xe67c45a0 rank 0 nranks 6 cudaDev 0 nvmlDev 0 busId 56000 commId 0x68c80bf02d2e6543 - Init COMPLETE
Detected kernel version 5.4.203, which is below the recommended minimum of 5.5.0; this can cause the process to hang. It is recommended to upgrade the kernel to the minimum version or higher.
[2025-01-16 14:47:08,320] [INFO] [logging.py:96:log_dist] [Rank 0] DeepSpeed info: version=0.14.0, git-hash=unknown, git-branch=unknown

Tokenizing train dataset (num_proc=16):   0%|          | 0/59438 [00:00<?, ? examples/s]
Tokenizing train dataset (num_proc=16):   0%|          | 0/59438 [00:00<?, ? examples/s]
Tokenizing train dataset (num_proc=16):   0%|          | 0/59438 [00:00<?, ? examples/s]
Tokenizing train dataset (num_proc=16):   0%|          | 0/59438 [00:00<?, ? examples/s]
Tokenizing train dataset (num_proc=16):   0%|          | 0/59438 [00:00<?, ? examples/s]
Tokenizing train dataset (num_proc=16):   2%|▏         | 1000/59438 [00:05<05:37, 172.97 examples/s]
Tokenizing train dataset (num_proc=16):   2%|▏         | 1000/59438 [00:06<06:18, 154.44 examples/s]
Tokenizing train dataset (num_proc=16):   2%|▏         | 1000/59438 [00:06<06:25, 151.55 examples/s]
Tokenizing train dataset (num_proc=16):   3%|▎         | 2000/59438 [00:06<02:44, 349.54 examples/s]
Tokenizing train dataset (num_proc=16):   3%|▎         | 2000/59438 [00:06<02:41, 355.68 examples/s]
Tokenizing train dataset (num_proc=16):   2%|▏         | 1000/59438 [00:06<06:11, 157.45 examples/s]
Tokenizing train dataset (num_proc=16):   5%|▌         | 3000/59438 [00:06<01:39, 567.21 examples/s]
Tokenizing train dataset (num_proc=16):   2%|▏         | 1000/59438 [00:06<06:17, 154.83 examples/s]
Tokenizing train dataset (num_proc=16):   7%|▋         | 4000/59438 [00:06<01:06, 827.95 examples/s]
Tokenizing train dataset (num_proc=16):   8%|▊         | 5000/59438 [00:07<00:45, 1184.33 examples/s]
Tokenizing train dataset (num_proc=16):   8%|▊         | 5000/59438 [00:07<00:50, 1079.64 examples/s]
Tokenizing train dataset (num_proc=16):   3%|▎         | 2000/59438 [00:06<02:39, 359.54 examples/s]
Tokenizing train dataset (num_proc=16):   3%|▎         | 2000/59438 [00:06<02:45, 347.57 examples/s]
Tokenizing train dataset (num_proc=16):   5%|▌         | 3000/59438 [00:07<01:41, 556.98 examples/s]
Tokenizing train dataset (num_proc=16):  13%|█▎        | 8000/59438 [00:07<00:26, 1919.43 examples/s]
Tokenizing train dataset (num_proc=16):   7%|▋         | 4000/59438 [00:07<01:06, 838.78 examples/s]
Tokenizing train dataset (num_proc=16):  10%|█         | 6000/59438 [00:07<00:40, 1308.00 examples/s]
Tokenizing train dataset (num_proc=16):  15%|█▌        | 9000/59438 [00:07<00:23, 2187.62 examples/s]
Tokenizing train dataset (num_proc=16):  12%|█▏        | 7000/59438 [00:07<00:29, 1771.29 examples/s]
Tokenizing train dataset (num_proc=16):  12%|█▏        | 7000/59438 [00:07<00:30, 1706.89 examples/s]
Tokenizing train dataset (num_proc=16):   8%|▊         | 5000/59438 [00:07<00:48, 1116.40 examples/s]
Tokenizing train dataset (num_proc=16):  13%|█▎        | 8000/59438 [00:07<00:23, 2203.39 examples/s]
Tokenizing train dataset (num_proc=16):  12%|█▏        | 7000/59438 [00:07<00:26, 1951.56 examples/s]
Tokenizing train dataset (num_proc=16):  13%|█▎        | 8000/59438 [00:08<00:26, 1907.73 examples/s]
Tokenizing train dataset (num_proc=16):  17%|█▋        | 10000/59438 [00:08<00:22, 2238.76 examples/s]
Tokenizing train dataset (num_proc=16):  15%|█▌        | 9000/59438 [00:08<00:17, 2854.52 examples/s]
Tokenizing train dataset (num_proc=16):  15%|█▌        | 9000/59438 [00:08<00:22, 2269.23 examples/s]
Tokenizing train dataset (num_proc=16):   8%|▊         | 5000/59438 [00:07<00:57, 939.95 examples/s]
Tokenizing train dataset (num_proc=16):  13%|█▎        | 8000/59438 [00:07<00:22, 2253.14 examples/s]
Tokenizing train dataset (num_proc=16):  17%|█▋        | 10000/59438 [00:08<00:17, 2758.80 examples/s]
Tokenizing train dataset (num_proc=16):  19%|█▊        | 11000/59438 [00:08<00:19, 2479.15 examples/s]
Tokenizing train dataset (num_proc=16):  17%|█▋        | 10000/59438 [00:08<00:16, 3026.89 examples/s]
Tokenizing train dataset (num_proc=16):  19%|█▊        | 11000/59438 [00:08<00:14, 3305.80 examples/s]
Tokenizing train dataset (num_proc=16):  15%|█▌        | 9000/59438 [00:08<00:20, 2421.39 examples/s]
Tokenizing train dataset (num_proc=16):  12%|█▏        | 7000/59438 [00:08<00:37, 1390.55 examples/s]
Tokenizing train dataset (num_proc=16):  20%|██        | 12000/59438 [00:08<00:13, 3601.76 examples/s]
Tokenizing train dataset (num_proc=16):  17%|█▋        | 10000/59438 [00:08<00:16, 3008.08 examples/s]
Tokenizing train dataset (num_proc=16):  15%|█▌        | 9000/59438 [00:08<00:26, 1909.17 examples/s]
Tokenizing train dataset (num_proc=16):  25%|██▌       | 15000/59438 [00:09<00:08, 5192.98 examples/s]
Tokenizing train dataset (num_proc=16):  17%|█▋        | 10000/59438 [00:08<00:21, 2255.13 examples/s]
Tokenizing train dataset (num_proc=16):  24%|██▎       | 14000/59438 [00:09<00:13, 3432.37 examples/s]
Tokenizing train dataset (num_proc=16):  19%|█▊        | 11000/59438 [00:08<00:18, 2601.76 examples/s]
Tokenizing train dataset (num_proc=16):  19%|█▊        | 11000/59438 [00:09<00:23, 2045.05 examples/s]
Tokenizing train dataset (num_proc=16):  27%|██▋       | 16000/59438 [00:09<00:11, 3919.10 examples/s]
Tokenizing train dataset (num_proc=16):  22%|██▏       | 13000/59438 [00:09<00:23, 1990.26 examples/s]
Tokenizing train dataset (num_proc=16):  20%|██        | 12000/59438 [00:09<00:19, 2480.96 examples/s]
Tokenizing train dataset (num_proc=16):  22%|██▏       | 13000/59438 [00:09<00:15, 2996.77 examples/s]
Tokenizing train dataset (num_proc=16):  20%|██        | 12000/59438 [00:09<00:21, 2174.23 examples/s]
Tokenizing train dataset (num_proc=16):  24%|██▎       | 14000/59438 [00:09<00:21, 2152.51 examples/s]
Tokenizing train dataset (num_proc=16):  22%|██▏       | 13000/59438 [00:09<00:19, 2423.10 examples/s]
Tokenizing train dataset (num_proc=16):  24%|██▎       | 14000/59438 [00:09<00:15, 2954.93 examples/s]
Tokenizing train dataset (num_proc=16):  25%|██▌       | 15000/59438 [00:10<00:20, 2175.20 examples/s]
Tokenizing train dataset (num_proc=16):  27%|██▋       | 16000/59438 [00:10<00:17, 2477.78 examples/s]
Tokenizing train dataset (num_proc=16):  25%|██▌       | 15000/59438 [00:10<00:22, 1945.55 examples/s]
Tokenizing train dataset (num_proc=16):  25%|██▌       | 15000/59438 [00:10<00:18, 2460.33 examples/s]
Tokenizing train dataset (num_proc=16):  25%|██▌       | 15000/59438 [00:10<00:16, 2728.81 examples/s]
Tokenizing train dataset (num_proc=16):  27%|██▋       | 16000/59438 [00:10<00:20, 2087.34 examples/s]
Tokenizing train dataset (num_proc=16):  27%|██▋       | 16000/59438 [00:10<00:15, 2752.61 examples/s]
Tokenizing train dataset (num_proc=16):  27%|██▋       | 16000/59438 [00:11<00:22, 1895.44 examples/s]
Tokenizing train dataset (num_proc=16):  29%|██▊       | 17000/59438 [00:11<00:26, 1621.45 examples/s]
Tokenizing train dataset (num_proc=16):  29%|██▊       | 17000/59438 [00:11<00:27, 1539.39 examples/s]
Tokenizing train dataset (num_proc=16):  30%|███       | 18000/59438 [00:12<00:22, 1864.07 examples/s]
Tokenizing train dataset (num_proc=16):  30%|███       | 18000/59438 [00:12<00:24, 1720.52 examples/s]
Tokenizing train dataset (num_proc=16):  29%|██▊       | 17000/59438 [00:11<00:24, 1762.58 examples/s]
Tokenizing train dataset (num_proc=16):  32%|███▏      | 19000/59438 [00:12<00:18, 2135.11 examples/s]
Tokenizing train dataset (num_proc=16):  32%|███▏      | 19000/59438 [00:12<00:20, 1950.22 examples/s]
Tokenizing train dataset (num_proc=16):  34%|███▎      | 20000/59438 [00:12<00:16, 2407.96 examples/s]
Tokenizing train dataset (num_proc=16):  34%|███▎      | 20000/59438 [00:12<00:17, 2291.69 examples/s]
Tokenizing train dataset (num_proc=16):  29%|██▊       | 17000/59438 [00:12<00:29, 1431.67 examples/s]
Tokenizing train dataset (num_proc=16):  35%|███▌      | 21000/59438 [00:12<00:13, 2760.06 examples/s]
Tokenizing train dataset (num_proc=16):  30%|███       | 18000/59438 [00:12<00:31, 1303.24 examples/s]
Tokenizing train dataset (num_proc=16):  35%|███▌      | 21000/59438 [00:12<00:14, 2729.26 examples/s]
Tokenizing train dataset (num_proc=16):  32%|███▏      | 19000/59438 [00:13<00:23, 1718.34 examples/s]
Tokenizing train dataset (num_proc=16):  30%|███       | 18000/59438 [00:12<00:26, 1587.23 examples/s]
Tokenizing train dataset (num_proc=16):  34%|███▎      | 20000/59438 [00:13<00:18, 2145.33 examples/s]
Tokenizing train dataset (num_proc=16):  32%|███▏      | 19000/59438 [00:12<00:19, 2092.84 examples/s]
Tokenizing train dataset (num_proc=16):  32%|███▏      | 19000/59438 [00:12<00:20, 1970.46 examples/s]
Tokenizing train dataset (num_proc=16):  35%|███▌      | 21000/59438 [00:13<00:14, 2585.06 examples/s]
Tokenizing train dataset (num_proc=16):  37%|███▋      | 22000/59438 [00:13<00:15, 2453.53 examples/s]
Tokenizing train dataset (num_proc=16):  34%|███▎      | 20000/59438 [00:13<00:16, 2388.91 examples/s]
Tokenizing train dataset (num_proc=16):  37%|███▋      | 22000/59438 [00:13<00:11, 3253.20 examples/s]
Tokenizing train dataset (num_proc=16):  35%|███▌      | 21000/59438 [00:13<00:13, 2882.22 examples/s]
Tokenizing train dataset (num_proc=16):  39%|███▊      | 23000/59438 [00:13<00:12, 2896.75 examples/s]
Tokenizing train dataset (num_proc=16):  40%|████      | 24000/59438 [00:13<00:10, 3371.07 examples/s]
Tokenizing train dataset (num_proc=16):  37%|███▋      | 22000/59438 [00:13<00:11, 3305.15 examples/s]
Tokenizing train dataset (num_proc=16):  39%|███▊      | 23000/59438 [00:13<00:11, 3084.18 examples/s]
Tokenizing train dataset (num_proc=16):  39%|███▊      | 23000/59438 [00:13<00:15, 2354.09 examples/s]
Tokenizing train dataset (num_proc=16):  34%|███▎      | 20000/59438 [00:13<00:22, 1785.16 examples/s]
Tokenizing train dataset (num_proc=16):  39%|███▊      | 23000/59438 [00:13<00:10, 3387.20 examples/s]
Tokenizing train dataset (num_proc=16):  40%|████      | 24000/59438 [00:14<00:10, 3272.84 examples/s]
Tokenizing train dataset (num_proc=16):  40%|████      | 24000/59438 [00:14<00:13, 2700.38 examples/s]
Tokenizing train dataset (num_proc=16):  42%|████▏     | 25000/59438 [00:14<00:10, 3161.12 examples/s]
Tokenizing train dataset (num_proc=16):  40%|████      | 24000/59438 [00:13<00:08, 3987.13 examples/s]
Tokenizing train dataset (num_proc=16):  35%|███▌      | 21000/59438 [00:13<00:17, 2187.45 examples/s]
Tokenizing train dataset (num_proc=16):  45%|████▌     | 27000/59438 [00:14<00:06, 5196.65 examples/s]
Tokenizing train dataset (num_proc=16):  42%|████▏     | 25000/59438 [00:14<00:09, 3775.49 examples/s]
Tokenizing train dataset (num_proc=16):  47%|████▋     | 28000/59438 [00:14<00:05, 5562.07 examples/s]
Tokenizing train dataset (num_proc=16):  45%|████▌     | 27000/59438 [00:14<00:07, 4208.33 examples/s]
Tokenizing train dataset (num_proc=16):  42%|████▏     | 25000/59438 [00:14<00:09, 3787.89 examples/s]
Tokenizing train dataset (num_proc=16):  44%|████▎     | 26000/59438 [00:14<00:07, 4196.15 examples/s]
Tokenizing train dataset (num_proc=16):  37%|███▋      | 22000/59438 [00:14<00:16, 2213.44 examples/s]
Tokenizing train dataset (num_proc=16):  40%|████      | 24000/59438 [00:14<00:09, 3718.06 examples/s]
Tokenizing train dataset (num_proc=16):  42%|████▏     | 25000/59438 [00:14<00:09, 3709.96 examples/s]
Tokenizing train dataset (num_proc=16):  45%|████▌     | 27000/59438 [00:15<00:07, 4193.31 examples/s]
Tokenizing train dataset (num_proc=16):  49%|████▉     | 29000/59438 [00:15<00:14, 2124.16 examples/s]
Tokenizing train dataset (num_proc=16):  47%|████▋     | 28000/59438 [00:16<00:19, 1625.73 examples/s]
Tokenizing train dataset (num_proc=16):  44%|████▎     | 26000/59438 [00:16<00:30, 1091.74 examples/s]
Tokenizing train dataset (num_proc=16):  45%|████▌     | 27000/59438 [00:16<00:22, 1460.77 examples/s]
Tokenizing train dataset (num_proc=16):  50%|█████     | 30000/59438 [00:16<00:18, 1614.77 examples/s]
Tokenizing train dataset (num_proc=16):  50%|█████     | 30000/59438 [00:17<00:09, 2956.33 examples/s]
Tokenizing train dataset (num_proc=16):  52%|█████▏    | 31000/59438 [00:17<00:14, 1946.68 examples/s]
Tokenizing train dataset (num_proc=16):  49%|████▉     | 29000/59438 [00:17<00:22, 1371.04 examples/s]
Tokenizing train dataset (num_proc=16):  56%|█████▌    | 33000/59438 [00:17<00:09, 2892.40 examples/s]
Tokenizing train dataset (num_proc=16):  50%|█████     | 30000/59438 [00:17<00:16, 1745.61 examples/s]
Tokenizing train dataset (num_proc=16):  47%|████▋     | 28000/59438 [00:17<00:20, 1515.09 examples/s]
Tokenizing train dataset (num_proc=16):  49%|████▉     | 29000/59438 [00:17<00:16, 1860.80 examples/s]
Tokenizing train dataset (num_proc=16):  52%|█████▏    | 31000/59438 [00:17<00:11, 2386.65 examples/s]
Tokenizing train dataset (num_proc=16):  50%|█████     | 30000/59438 [00:17<00:12, 2347.30 examples/s]
Tokenizing train dataset (num_proc=16):  57%|█████▋    | 34000/59438 [00:18<00:10, 2365.97 examples/s]
Tokenizing train dataset (num_proc=16):  45%|████▌     | 27000/59438 [00:17<00:38, 852.63 examples/s] 
Tokenizing train dataset (num_proc=16):  54%|█████▍    | 32000/59438 [00:18<00:13, 2023.20 examples/s]
Tokenizing train dataset (num_proc=16):  49%|████▉     | 29000/59438 [00:17<00:21, 1430.72 examples/s]
Tokenizing train dataset (num_proc=16):  56%|█████▌    | 33000/59438 [00:18<00:11, 2322.32 examples/s]
Tokenizing train dataset (num_proc=16):  54%|█████▍    | 32000/59438 [00:18<00:13, 2032.21 examples/s]
Tokenizing train dataset (num_proc=16):  52%|█████▏    | 31000/59438 [00:18<00:14, 1967.28 examples/s]
Tokenizing train dataset (num_proc=16):  59%|█████▉    | 35000/59438 [00:18<00:10, 2248.59 examples/s]
Tokenizing train dataset (num_proc=16):  50%|█████     | 30000/59438 [00:18<00:17, 1654.90 examples/s]
Tokenizing train dataset (num_proc=16):  56%|█████▌    | 33000/59438 [00:18<00:10, 2434.97 examples/s]
Tokenizing train dataset (num_proc=16):  57%|█████▋    | 34000/59438 [00:18<00:10, 2490.08 examples/s]
Tokenizing train dataset (num_proc=16):  57%|█████▋    | 34000/59438 [00:18<00:08, 2873.26 examples/s]
Tokenizing train dataset (num_proc=16):  54%|█████▍    | 32000/59438 [00:18<00:11, 2486.19 examples/s]
Tokenizing train dataset (num_proc=16):  62%|██████▏   | 37000/59438 [00:18<00:07, 2892.64 examples/s]
Tokenizing train dataset (num_proc=16):  59%|█████▉    | 35000/59438 [00:18<00:06, 3530.10 examples/s]
Tokenizing train dataset (num_proc=16):  59%|█████▉    | 35000/59438 [00:19<00:09, 2697.76 examples/s]
Tokenizing train dataset (num_proc=16):  56%|█████▌    | 33000/59438 [00:18<00:09, 2727.78 examples/s]
Tokenizing train dataset (num_proc=16):  61%|██████    | 36000/59438 [00:19<00:05, 3975.97 examples/s]
Tokenizing train dataset (num_proc=16):  61%|██████    | 36000/59438 [00:19<00:06, 3351.60 examples/s]
Tokenizing train dataset (num_proc=16):  54%|█████▍    | 32000/59438 [00:18<00:14, 1832.57 examples/s]
Tokenizing train dataset (num_proc=16):  56%|█████▌    | 33000/59438 [00:18<00:11, 2375.06 examples/s]
Tokenizing train dataset (num_proc=16):  64%|██████▍   | 38000/59438 [00:19<00:07, 2831.68 examples/s]
Tokenizing train dataset (num_proc=16):  62%|██████▏   | 37000/59438 [00:19<00:05, 4207.14 examples/s]
Tokenizing train dataset (num_proc=16):  57%|█████▋    | 34000/59438 [00:18<00:08, 2932.90 examples/s]
Tokenizing train dataset (num_proc=16):  62%|██████▏   | 37000/59438 [00:19<00:04, 5121.63 examples/s]
Tokenizing train dataset (num_proc=16):  64%|██████▍   | 38000/59438 [00:19<00:05, 4157.01 examples/s]
Tokenizing train dataset (num_proc=16):  64%|██████▍   | 38000/59438 [00:19<00:03, 5625.02 examples/s]
Tokenizing train dataset (num_proc=16):  66%|██████▌   | 39000/59438 [00:19<00:04, 4348.32 examples/s]
Tokenizing train dataset (num_proc=16):  66%|██████▌   | 39000/59438 [00:19<00:04, 4101.71 examples/s]
Tokenizing train dataset (num_proc=16):  67%|██████▋   | 40000/59438 [00:19<00:04, 4565.82 examples/s]
Tokenizing train dataset (num_proc=16):  59%|█████▉    | 35000/59438 [00:19<00:09, 2656.49 examples/s]
Tokenizing train dataset (num_proc=16):  66%|██████▌   | 39000/59438 [00:19<00:08, 2345.11 examples/s]
Tokenizing train dataset (num_proc=16):  67%|██████▋   | 40000/59438 [00:20<00:04, 4360.25 examples/s]
Tokenizing train dataset (num_proc=16):  68%|██████▊   | 40715/59438 [00:20<00:04, 4401.53 examples/s]
Tokenizing train dataset (num_proc=16):  61%|██████    | 36000/59438 [00:19<00:07, 3042.81 examples/s]
Tokenizing train dataset (num_proc=16):  66%|██████▌   | 39000/59438 [00:19<00:04, 4239.78 examples/s]
Tokenizing train dataset (num_proc=16):  67%|██████▋   | 40000/59438 [00:20<00:06, 2857.58 examples/s]
Tokenizing train dataset (num_proc=16):  70%|███████   | 41715/59438 [00:20<00:03, 5054.36 examples/s]
Tokenizing train dataset (num_proc=16):  74%|███████▍  | 44000/59438 [00:20<00:02, 6257.75 examples/s]
Tokenizing train dataset (num_proc=16):  64%|██████▍   | 38000/59438 [00:19<00:04, 4410.72 examples/s]
Tokenizing train dataset (num_proc=16):  69%|██████▉   | 41000/59438 [00:19<00:03, 4953.44 examples/s]
Tokenizing train dataset (num_proc=16):  69%|██████▉   | 41000/59438 [00:20<00:05, 3286.16 examples/s]
Tokenizing train dataset (num_proc=16):  74%|███████▎  | 43715/59438 [00:20<00:02, 5324.97 examples/s]
Tokenizing train dataset (num_proc=16):  71%|███████   | 42000/59438 [00:20<00:03, 5413.38 examples/s]
Tokenizing train dataset (num_proc=16):  66%|██████▌   | 39000/59438 [00:20<00:05, 3786.29 examples/s]
Tokenizing train dataset (num_proc=16):  69%|██████▉   | 41000/59438 [00:20<00:03, 5277.18 examples/s]
Tokenizing train dataset (num_proc=16):  76%|███████▋  | 45430/59438 [00:21<00:03, 4005.73 examples/s]
Tokenizing train dataset (num_proc=16):  70%|███████   | 41715/59438 [00:21<00:07, 2456.83 examples/s]
Tokenizing train dataset (num_proc=16):  75%|███████▍  | 44430/59438 [00:21<00:05, 2965.70 examples/s]
Tokenizing train dataset (num_proc=16):  72%|███████▏  | 42715/59438 [00:20<00:03, 4336.71 examples/s]
Tokenizing train dataset (num_proc=16):  76%|███████▌  | 45145/59438 [00:22<00:09, 1568.32 examples/s]
Tokenizing train dataset (num_proc=16):  74%|███████▎  | 43715/59438 [00:22<00:07, 2134.61 examples/s]
Tokenizing train dataset (num_proc=16):  79%|███████▉  | 46860/59438 [00:22<00:06, 1951.53 examples/s]
Tokenizing train dataset (num_proc=16):  77%|███████▋  | 45860/59438 [00:22<00:08, 1630.17 examples/s]
Tokenizing train dataset (num_proc=16):  71%|███████▏  | 42430/59438 [00:23<00:16, 1015.75 examples/s]
Tokenizing train dataset (num_proc=16):  81%|████████  | 47860/59438 [00:23<00:05, 2245.81 examples/s]
Tokenizing train dataset (num_proc=16):  73%|███████▎  | 43430/59438 [00:22<00:10, 1491.34 examples/s]
Tokenizing train dataset (num_proc=16):  75%|███████▍  | 44430/59438 [00:22<00:07, 1985.37 examples/s]
Tokenizing train dataset (num_proc=16):  82%|████████▏ | 48575/59438 [00:23<00:04, 2472.05 examples/s]
Tokenizing train dataset (num_proc=16):  73%|███████▎  | 43145/59438 [00:23<00:13, 1241.77 examples/s]
Tokenizing train dataset (num_proc=16):  78%|███████▊  | 46575/59438 [00:23<00:07, 1625.91 examples/s]
Tokenizing train dataset (num_proc=16):  74%|███████▍  | 43860/59438 [00:23<00:10, 1497.72 examples/s]
Tokenizing train dataset (num_proc=16):  74%|███████▍  | 44145/59438 [00:23<00:09, 1542.31 examples/s]
Tokenizing train dataset (num_proc=16):  77%|███████▋  | 45575/59438 [00:23<00:05, 2672.78 examples/s]
Tokenizing train dataset (num_proc=16):  75%|███████▌  | 44860/59438 [00:23<00:08, 1809.34 examples/s]
Tokenizing train dataset (num_proc=16):  76%|███████▌  | 45145/59438 [00:23<00:07, 1897.64 examples/s]
Tokenizing train dataset (num_proc=16):  83%|████████▎ | 49290/59438 [00:23<00:04, 2192.56 examples/s]
Tokenizing train dataset (num_proc=16):  78%|███████▊  | 46290/59438 [00:23<00:05, 2528.08 examples/s]
Tokenizing train dataset (num_proc=16):  80%|███████▉  | 47290/59438 [00:23<00:03, 3197.00 examples/s]
Tokenizing train dataset (num_proc=16):  77%|███████▋  | 45860/59438 [00:23<00:06, 1963.90 examples/s]
Tokenizing train dataset (num_proc=16):  81%|████████  | 48005/59438 [00:23<00:06, 1842.60 examples/s]
Tokenizing train dataset (num_proc=16):  83%|████████▎ | 49290/59438 [00:24<00:02, 4837.84 examples/s]
Tokenizing train dataset (num_proc=16):  82%|████████▏ | 48720/59438 [00:24<00:04, 2164.48 examples/s]
Tokenizing train dataset (num_proc=16):  84%|████████▍ | 50004/59438 [00:24<00:04, 1999.86 examples/s]
Tokenizing train dataset (num_proc=16):  79%|███████▉  | 47005/59438 [00:23<00:05, 2330.81 examples/s]
Tokenizing train dataset (num_proc=16):  85%|████████▌ | 50719/59438 [00:24<00:01, 5232.94 examples/s]
Tokenizing train dataset (num_proc=16):  78%|███████▊  | 46575/59438 [00:23<00:06, 2041.77 examples/s]
Tokenizing train dataset (num_proc=16):  84%|████████▍ | 50149/59438 [00:24<00:02, 3163.92 examples/s]
Tokenizing train dataset (num_proc=16):  88%|████████▊ | 52149/59438 [00:24<00:02, 3447.52 examples/s]
Tokenizing train dataset (num_proc=16):  80%|████████  | 47720/59438 [00:23<00:04, 2547.00 examples/s]
Tokenizing train dataset (num_proc=16):  87%|████████▋ | 51719/59438 [00:24<00:01, 5402.17 examples/s]
Tokenizing train dataset (num_proc=16):  83%|████████▎ | 49434/59438 [00:24<00:02, 3840.29 examples/s]
Tokenizing train dataset (num_proc=16):  81%|████████  | 48004/59438 [00:24<00:04, 2550.87 examples/s]
Tokenizing train dataset (num_proc=16):  84%|████████▍ | 50148/59438 [00:24<00:02, 4149.19 examples/s]
Tokenizing train dataset (num_proc=16):  86%|████████▌ | 50863/59438 [00:24<00:03, 2717.85 examples/s]
Tokenizing train dataset (num_proc=16):  83%|████████▎ | 49434/59438 [00:24<00:03, 3274.37 examples/s]
Tokenizing train dataset (num_proc=16):  90%|████████▉ | 53434/59438 [00:24<00:01, 4619.02 examples/s]
Tokenizing train dataset (num_proc=16):  85%|████████▍ | 50434/59438 [00:24<00:02, 3749.49 examples/s]
Tokenizing train dataset (num_proc=16):  87%|████████▋ | 51863/59438 [00:25<00:02, 2713.19 examples/s]
Tokenizing train dataset (num_proc=16):  92%|█████████▏| 54578/59438 [00:25<00:01, 3241.75 examples/s]
Tokenizing train dataset (num_proc=16):  87%|████████▋ | 51434/59438 [00:24<00:01, 4213.72 examples/s]
Tokenizing train dataset (num_proc=16):  88%|████████▊ | 52148/59438 [00:24<00:01, 4358.71 examples/s]
Tokenizing train dataset (num_proc=16):  94%|█████████▎| 55578/59438 [00:25<00:01, 3299.89 examples/s]
Tokenizing train dataset (num_proc=16):  86%|████████▌ | 51148/59438 [00:24<00:03, 2543.25 examples/s]
Tokenizing train dataset (num_proc=16):  89%|████████▉ | 52863/59438 [00:25<00:02, 2512.57 examples/s]
Tokenizing train dataset (num_proc=16):  88%|████████▊ | 52148/59438 [00:25<00:02, 2866.19 examples/s]
Tokenizing train dataset (num_proc=16):  89%|████████▉ | 53148/59438 [00:25<00:01, 3297.80 examples/s]
Tokenizing train dataset (num_proc=16):  91%|█████████ | 54148/59438 [00:25<00:01, 3598.15 examples/s]
Tokenizing train dataset (num_proc=16):  92%|█████████▏| 54434/59438 [00:26<00:02, 2269.03 examples/s]
Tokenizing train dataset (num_proc=16):  92%|█████████▏| 54863/59438 [00:25<00:01, 3515.25 examples/s]
Tokenizing train dataset (num_proc=16):  95%|█████████▌| 56578/59438 [00:26<00:01, 2271.27 examples/s]
Tokenizing train dataset (num_proc=16):  89%|████████▉ | 53148/59438 [00:26<00:03, 1984.13 examples/s]
Tokenizing train dataset (num_proc=16):  92%|█████████▏| 54863/59438 [00:26<00:02, 2162.89 examples/s]
Tokenizing train dataset (num_proc=16):  96%|█████████▋| 57293/59438 [00:26<00:00, 2194.43 examples/s]
Tokenizing train dataset (num_proc=16):  93%|█████████▎| 55149/59438 [00:26<00:02, 1769.12 examples/s]
Tokenizing train dataset (num_proc=16):  91%|█████████ | 54148/59438 [00:26<00:02, 2124.00 examples/s]
Tokenizing train dataset (num_proc=16):  94%|█████████▍| 55863/59438 [00:27<00:01, 1987.21 examples/s]
Tokenizing train dataset (num_proc=16):  94%|█████████▍| 55864/59438 [00:27<00:02, 1653.52 examples/s]
Tokenizing train dataset (num_proc=16):  93%|█████████▎| 55148/59438 [00:27<00:02, 1784.91 examples/s]
Tokenizing train dataset (num_proc=16):  94%|█████████▍| 55863/59438 [00:27<00:02, 1495.93 examples/s]
Tokenizing train dataset (num_proc=16):  96%|█████████▋| 57294/59438 [00:27<00:00, 2180.72 examples/s]
Tokenizing train dataset (num_proc=16):  98%|█████████▊| 58008/59438 [00:27<00:00, 2418.20 examples/s]
Tokenizing train dataset (num_proc=16):  94%|█████████▍| 55863/59438 [00:27<00:01, 1859.41 examples/s]
Tokenizing train dataset (num_proc=16):  99%|█████████▉| 58723/59438 [00:28<00:00, 2030.44 examples/s]
Tokenizing train dataset (num_proc=16):  95%|█████████▌| 56578/59438 [00:28<00:02, 1240.23 examples/s]
Tokenizing train dataset (num_proc=16):  95%|█████████▌| 56578/59438 [00:28<00:01, 1488.42 examples/s]
Tokenizing train dataset (num_proc=16):  95%|█████████▌| 56578/59438 [00:28<00:02, 1113.05 examples/s]
Tokenizing train dataset (num_proc=16):  96%|█████████▋| 57293/59438 [00:28<00:01, 1643.14 examples/s]
Tokenizing train dataset (num_proc=16):  98%|█████████▊| 58008/59438 [00:29<00:00, 1650.10 examples/s]
Tokenizing train dataset (num_proc=16):  96%|█████████▋| 57293/59438 [00:28<00:01, 1229.22 examples/s]
Tokenizing train dataset (num_proc=16):  98%|█████████▊| 58008/59438 [00:29<00:01, 820.14 examples/s] 
Tokenizing train dataset (num_proc=16):  99%|█████████▉| 58723/59438 [00:29<00:00, 1532.28 examples/s]
Tokenizing train dataset (num_proc=16): 100%|██████████| 59438/59438 [00:30<00:00, 1100.22 examples/s]
Tokenizing train dataset (num_proc=16):  99%|█████████▉| 58723/59438 [00:30<00:00, 1269.11 examples/s]
Tokenizing train dataset (num_proc=16): 100%|██████████| 59438/59438 [00:30<00:00, 1000.94 examples/s]
Tokenizing train dataset (num_proc=16):  98%|█████████▊| 58008/59438 [00:29<00:01, 1098.45 examples/s]
Tokenizing train dataset (num_proc=16): 100%|██████████| 59438/59438 [00:30<00:00, 1961.16 examples/s]

Tokenizing train dataset (num_proc=16): 100%|██████████| 59438/59438 [00:30<00:00, 1956.11 examples/s]

Tokenizing train dataset (num_proc=16):  99%|█████████▉| 58723/59438 [00:30<00:00, 1312.84 examples/s]
Tokenizing train dataset (num_proc=16): 100%|██████████| 59438/59438 [00:30<00:00, 1287.21 examples/s]
Tokenizing train dataset (num_proc=16): 100%|██████████| 59438/59438 [00:30<00:00, 1926.33 examples/s]

Tokenizing train dataset (num_proc=16): 100%|██████████| 59438/59438 [00:30<00:00, 1313.97 examples/s]
Tokenizing train dataset (num_proc=16): 100%|██████████| 59438/59438 [00:30<00:00, 1044.33 examples/s]
Tokenizing train dataset (num_proc=16): 100%|██████████| 59438/59438 [00:30<00:00, 1925.83 examples/s]

Tokenizing train dataset (num_proc=16): 100%|██████████| 59438/59438 [00:31<00:00, 1917.17 examples/s]
ts-8b1d8071943f9ab001945de267e23083-launcher:393357:393986 [2] NCCL INFO Using non-device net plugin version 0
ts-8b1d8071943f9ab001945de267e23083-launcher:393356:394004 [1] NCCL INFO Using non-device net plugin version 0
ts-8b1d8071943f9ab001945de267e23083-launcher:393357:393986 [2] NCCL INFO Using network Socket
ts-8b1d8071943f9ab001945de267e23083-launcher:393355:393638 [0] NCCL INFO Using non-device net plugin version 0
ts-8b1d8071943f9ab001945de267e23083-launcher:393355:393638 [0] NCCL INFO Using network Socket
ts-8b1d8071943f9ab001945de267e23083-launcher:393356:394004 [1] NCCL INFO Using network Socket
ts-8b1d8071943f9ab001945de267e23083-launcher:393358:394003 [3] NCCL INFO Using non-device net plugin version 0
ts-8b1d8071943f9ab001945de267e23083-launcher:393358:394003 [3] NCCL INFO Using network Socket
ts-8b1d8071943f9ab001945de267e23083-launcher:393359:393989 [4] NCCL INFO Using non-device net plugin version 0
ts-8b1d8071943f9ab001945de267e23083-launcher:393359:393989 [4] NCCL INFO Using network Socket
ts-8b1d8071943f9ab001945de267e23083-launcher:393360:393998 [5] NCCL INFO Using non-device net plugin version 0
ts-8b1d8071943f9ab001945de267e23083-launcher:393360:393998 [5] NCCL INFO Using network Socket
ts-8b1d8071943f9ab001945de267e23083-launcher:393357:393986 [2] NCCL INFO bootstrapSplit: comm 0xec53c300 parent 0xe6b769d0 rank 2 nranks 6 color 470334428 key 2 prev 1 next 3 - DONE
ts-8b1d8071943f9ab001945de267e23083-launcher:393356:394004 [1] NCCL INFO bootstrapSplit: comm 0xeb03c000 parent 0xe1a06860 rank 1 nranks 6 color 470334428 key 1 prev 0 next 2 - DONE
ts-8b1d8071943f9ab001945de267e23083-launcher:393356:394004 [1] NCCL INFO comm 0xeb03c000 rank 1 nranks 6 cudaDev 1 nvmlDev 1 busId 62000 commId 0x760ccc2d805c87fe - Init START
ts-8b1d8071943f9ab001945de267e23083-launcher:393355:393638 [0] NCCL INFO bootstrapSplit: comm 0x2c333f30 parent 0xe67c45a0 rank 0 nranks 6 color 470334428 key 0 prev 5 next 1 - DONE
ts-8b1d8071943f9ab001945de267e23083-launcher:393355:393638 [0] NCCL INFO comm 0x2c333f30 rank 0 nranks 6 cudaDev 0 nvmlDev 0 busId 56000 commId 0x760ccc2d805c87fe - Init START
ts-8b1d8071943f9ab001945de267e23083-launcher:393359:393989 [4] NCCL INFO bootstrapSplit: comm 0xec379ea0 parent 0xe6365270 rank 4 nranks 6 color 470334428 key 4 prev 3 next 5 - DONE
ts-8b1d8071943f9ab001945de267e23083-launcher:393359:393989 [4] NCCL INFO comm 0xec379ea0 rank 4 nranks 6 cudaDev 4 nvmlDev 4 busId d0000 commId 0x760ccc2d805c87fe - Init START
ts-8b1d8071943f9ab001945de267e23083-launcher:393358:394003 [3] NCCL INFO bootstrapSplit: comm 0xed1c2c10 parent 0xe6fb7180 rank 3 nranks 6 color 470334428 key 3 prev 2 next 4 - DONE
ts-8b1d8071943f9ab001945de267e23083-launcher:393360:393998 [5] NCCL INFO bootstrapSplit: comm 0xecf827d0 parent 0xe6acf1b0 rank 5 nranks 6 color 470334428 key 5 prev 4 next 0 - DONE
ts-8b1d8071943f9ab001945de267e23083-launcher:393360:393998 [5] NCCL INFO comm 0xecf827d0 rank 5 nranks 6 cudaDev 5 nvmlDev 5 busId dd000 commId 0x760ccc2d805c87fe - Init START
ts-8b1d8071943f9ab001945de267e23083-launcher:393357:393986 [2] NCCL INFO comm 0xec53c300 rank 2 nranks 6 cudaDev 2 nvmlDev 2 busId 85000 commId 0x760ccc2d805c87fe - Init START
ts-8b1d8071943f9ab001945de267e23083-launcher:393358:394003 [3] NCCL INFO comm 0xed1c2c10 rank 3 nranks 6 cudaDev 3 nvmlDev 3 busId c4000 commId 0x760ccc2d805c87fe - Init START
ts-8b1d8071943f9ab001945de267e23083-launcher:393358:394003 [3] NCCL INFO Setting affinity for GPU 3 to ffffffff,ffff0000,00000000,ffffffff,ffff0000,00000000
ts-8b1d8071943f9ab001945de267e23083-launcher:393359:393989 [4] NCCL INFO Setting affinity for GPU 4 to ffffffff,ffff0000,00000000,ffffffff,ffff0000,00000000
ts-8b1d8071943f9ab001945de267e23083-launcher:393360:393998 [5] NCCL INFO Setting affinity for GPU 5 to ffffffff,ffff0000,00000000,ffffffff,ffff0000,00000000
ts-8b1d8071943f9ab001945de267e23083-launcher:393355:393638 [0] NCCL INFO Setting affinity for GPU 0 to 03ffffe0,00000000,00000000,03ffffe0
ts-8b1d8071943f9ab001945de267e23083-launcher:393356:394004 [1] NCCL INFO Setting affinity for GPU 1 to 03ffffe0,00000000,00000000,03ffffe0
ts-8b1d8071943f9ab001945de267e23083-launcher:393357:393986 [2] NCCL INFO Setting affinity for GPU 2 to ffffffff,ffff0000,00000000,ffffffff,ffff0000,00000000
ts-8b1d8071943f9ab001945de267e23083-launcher:393357:393986 [2] NCCL INFO comm 0xec53c300 rank 2 nRanks 6 nNodes 1 localRanks 6 localRank 2 MNNVL 0
ts-8b1d8071943f9ab001945de267e23083-launcher:393359:393989 [4] NCCL INFO comm 0xec379ea0 rank 4 nRanks 6 nNodes 1 localRanks 6 localRank 4 MNNVL 0
ts-8b1d8071943f9ab001945de267e23083-launcher:393358:394003 [3] NCCL INFO comm 0xed1c2c10 rank 3 nRanks 6 nNodes 1 localRanks 6 localRank 3 MNNVL 0
ts-8b1d8071943f9ab001945de267e23083-launcher:393356:394004 [1] NCCL INFO comm 0xeb03c000 rank 1 nRanks 6 nNodes 1 localRanks 6 localRank 1 MNNVL 0
ts-8b1d8071943f9ab001945de267e23083-launcher:393355:393638 [0] NCCL INFO comm 0x2c333f30 rank 0 nRanks 6 nNodes 1 localRanks 6 localRank 0 MNNVL 0
ts-8b1d8071943f9ab001945de267e23083-launcher:393360:393998 [5] NCCL INFO comm 0xecf827d0 rank 5 nRanks 6 nNodes 1 localRanks 6 localRank 5 MNNVL 0
ts-8b1d8071943f9ab001945de267e23083-launcher:393357:393986 [2] NCCL INFO Trees [0] 3/-1/-1->2->1 [1] 3/-1/-1->2->1 [2] 3/-1/-1->2->1 [3] 3/-1/-1->2->1 [4] 3/-1/-1->2->1 [5] 3/-1/-1->2->1 [6] 3/-1/-1->2->1 [7] 3/-1/-1->2->1 [8] 3/-1/-1->2->1 [9] 3/-1/-1->2->1 [10] 3/-1/-1->2->1 [11] 3/-1/-1->2->1 [12] 3/-1/-1->2->1 [13] 3/-1/-1->2->1 [14] 3/-1/-1->2->1 [15] 3/-1/-1->2->1
ts-8b1d8071943f9ab001945de267e23083-launcher:393359:393989 [4] NCCL INFO Trees [0] 5/-1/-1->4->3 [1] 5/-1/-1->4->3 [2] 5/-1/-1->4->3 [3] 5/-1/-1->4->3 [4] 5/-1/-1->4->3 [5] 5/-1/-1->4->3 [6] 5/-1/-1->4->3 [7] 5/-1/-1->4->3 [8] 5/-1/-1->4->3 [9] 5/-1/-1->4->3 [10] 5/-1/-1->4->3 [11] 5/-1/-1->4->3 [12] 5/-1/-1->4->3 [13] 5/-1/-1->4->3 [14] 5/-1/-1->4->3 [15] 5/-1/-1->4->3
ts-8b1d8071943f9ab001945de267e23083-launcher:393358:394003 [3] NCCL INFO Trees [0] 4/-1/-1->3->2 [1] 4/-1/-1->3->2 [2] 4/-1/-1->3->2 [3] 4/-1/-1->3->2 [4] 4/-1/-1->3->2 [5] 4/-1/-1->3->2 [6] 4/-1/-1->3->2 [7] 4/-1/-1->3->2 [8] 4/-1/-1->3->2 [9] 4/-1/-1->3->2 [10] 4/-1/-1->3->2 [11] 4/-1/-1->3->2 [12] 4/-1/-1->3->2 [13] 4/-1/-1->3->2 [14] 4/-1/-1->3->2 [15] 4/-1/-1->3->2
ts-8b1d8071943f9ab001945de267e23083-launcher:393358:394003 [3] NCCL INFO P2P Chunksize set to 524288
ts-8b1d8071943f9ab001945de267e23083-launcher:393356:394004 [1] NCCL INFO Trees [0] 2/-1/-1->1->0 [1] 2/-1/-1->1->0 [2] 2/-1/-1->1->0 [3] 2/-1/-1->1->0 [4] 2/-1/-1->1->0 [5] 2/-1/-1->1->0 [6] 2/-1/-1->1->0 [7] 2/-1/-1->1->0 [8] 2/-1/-1->1->0 [9] 2/-1/-1->1->0 [10] 2/-1/-1->1->0 [11] 2/-1/-1->1->0 [12] 2/-1/-1->1->0 [13] 2/-1/-1->1->0 [14] 2/-1/-1->1->0 [15] 2/-1/-1->1->0
ts-8b1d8071943f9ab001945de267e23083-launcher:393355:393638 [0] NCCL INFO Channel 00/16 :    0   1   2   3   4   5
ts-8b1d8071943f9ab001945de267e23083-launcher:393355:393638 [0] NCCL INFO Channel 01/16 :    0   1   2   3   4   5
ts-8b1d8071943f9ab001945de267e23083-launcher:393360:393998 [5] NCCL INFO Trees [0] -1/-1/-1->5->4 [1] -1/-1/-1->5->4 [2] -1/-1/-1->5->4 [3] -1/-1/-1->5->4 [4] -1/-1/-1->5->4 [5] -1/-1/-1->5->4 [6] -1/-1/-1->5->4 [7] -1/-1/-1->5->4 [8] -1/-1/-1->5->4 [9] -1/-1/-1->5->4 [10] -1/-1/-1->5->4 [11] -1/-1/-1->5->4 [12] -1/-1/-1->5->4 [13] -1/-1/-1->5->4 [14] -1/-1/-1->5->4 [15] -1/-1/-1->5->4
ts-8b1d8071943f9ab001945de267e23083-launcher:393357:393986 [2] NCCL INFO P2P Chunksize set to 524288
ts-8b1d8071943f9ab001945de267e23083-launcher:393359:393989 [4] NCCL INFO P2P Chunksize set to 524288
ts-8b1d8071943f9ab001945de267e23083-launcher:393356:394004 [1] NCCL INFO P2P Chunksize set to 524288
ts-8b1d8071943f9ab001945de267e23083-launcher:393355:393638 [0] NCCL INFO Channel 02/16 :    0   1   2   3   4   5
ts-8b1d8071943f9ab001945de267e23083-launcher:393355:393638 [0] NCCL INFO Channel 03/16 :    0   1   2   3   4   5
ts-8b1d8071943f9ab001945de267e23083-launcher:393360:393998 [5] NCCL INFO P2P Chunksize set to 524288
ts-8b1d8071943f9ab001945de267e23083-launcher:393355:393638 [0] NCCL INFO Channel 04/16 :    0   1   2   3   4   5
ts-8b1d8071943f9ab001945de267e23083-launcher:393355:393638 [0] NCCL INFO Channel 05/16 :    0   1   2   3   4   5
ts-8b1d8071943f9ab001945de267e23083-launcher:393355:393638 [0] NCCL INFO Channel 06/16 :    0   1   2   3   4   5
ts-8b1d8071943f9ab001945de267e23083-launcher:393355:393638 [0] NCCL INFO Channel 07/16 :    0   1   2   3   4   5
ts-8b1d8071943f9ab001945de267e23083-launcher:393355:393638 [0] NCCL INFO Channel 08/16 :    0   1   2   3   4   5
ts-8b1d8071943f9ab001945de267e23083-launcher:393355:393638 [0] NCCL INFO Channel 09/16 :    0   1   2   3   4   5
ts-8b1d8071943f9ab001945de267e23083-launcher:393355:393638 [0] NCCL INFO Channel 10/16 :    0   1   2   3   4   5
ts-8b1d8071943f9ab001945de267e23083-launcher:393355:393638 [0] NCCL INFO Channel 11/16 :    0   1   2   3   4   5
ts-8b1d8071943f9ab001945de267e23083-launcher:393355:393638 [0] NCCL INFO Channel 12/16 :    0   1   2   3   4   5
ts-8b1d8071943f9ab001945de267e23083-launcher:393355:393638 [0] NCCL INFO Channel 13/16 :    0   1   2   3   4   5
ts-8b1d8071943f9ab001945de267e23083-launcher:393355:393638 [0] NCCL INFO Channel 14/16 :    0   1   2   3   4   5
ts-8b1d8071943f9ab001945de267e23083-launcher:393355:393638 [0] NCCL INFO Channel 15/16 :    0   1   2   3   4   5
ts-8b1d8071943f9ab001945de267e23083-launcher:393355:393638 [0] NCCL INFO Trees [0] 1/-1/-1->0->-1 [1] 1/-1/-1->0->-1 [2] 1/-1/-1->0->-1 [3] 1/-1/-1->0->-1 [4] 1/-1/-1->0->-1 [5] 1/-1/-1->0->-1 [6] 1/-1/-1->0->-1 [7] 1/-1/-1->0->-1 [8] 1/-1/-1->0->-1 [9] 1/-1/-1->0->-1 [10] 1/-1/-1->0->-1 [11] 1/-1/-1->0->-1 [12] 1/-1/-1->0->-1 [13] 1/-1/-1->0->-1 [14] 1/-1/-1->0->-1 [15] 1/-1/-1->0->-1
ts-8b1d8071943f9ab001945de267e23083-launcher:393355:393638 [0] NCCL INFO P2P Chunksize set to 524288
ts-8b1d8071943f9ab001945de267e23083-launcher:393359:393989 [4] NCCL INFO Channel 00/0 : 4[4] -> 5[5] via P2P/IPC
ts-8b1d8071943f9ab001945de267e23083-launcher:393358:394003 [3] NCCL INFO Channel 00/0 : 3[3] -> 4[4] via P2P/IPC
ts-8b1d8071943f9ab001945de267e23083-launcher:393359:393989 [4] NCCL INFO Channel 01/0 : 4[4] -> 5[5] via P2P/IPC
ts-8b1d8071943f9ab001945de267e23083-launcher:393358:394003 [3] NCCL INFO Channel 01/0 : 3[3] -> 4[4] via P2P/IPC
ts-8b1d8071943f9ab001945de267e23083-launcher:393359:393989 [4] NCCL INFO Channel 02/0 : 4[4] -> 5[5] via P2P/IPC
ts-8b1d8071943f9ab001945de267e23083-launcher:393355:393638 [0] NCCL INFO Channel 00/0 : 0[0] -> 1[1] via P2P/IPC
ts-8b1d8071943f9ab001945de267e23083-launcher:393359:393989 [4] NCCL INFO Channel 03/0 : 4[4] -> 5[5] via P2P/IPC
ts-8b1d8071943f9ab001945de267e23083-launcher:393355:393638 [0] NCCL INFO Channel 01/0 : 0[0] -> 1[1] via P2P/IPC
ts-8b1d8071943f9ab001945de267e23083-launcher:393358:394003 [3] NCCL INFO Channel 02/0 : 3[3] -> 4[4] via P2P/IPC
ts-8b1d8071943f9ab001945de267e23083-launcher:393359:393989 [4] NCCL INFO Channel 04/0 : 4[4] -> 5[5] via P2P/IPC
ts-8b1d8071943f9ab001945de267e23083-launcher:393355:393638 [0] NCCL INFO Channel 02/0 : 0[0] -> 1[1] via P2P/IPC
ts-8b1d8071943f9ab001945de267e23083-launcher:393358:394003 [3] NCCL INFO Channel 03/0 : 3[3] -> 4[4] via P2P/IPC
ts-8b1d8071943f9ab001945de267e23083-launcher:393359:393989 [4] NCCL INFO Channel 05/0 : 4[4] -> 5[5] via P2P/IPC
ts-8b1d8071943f9ab001945de267e23083-launcher:393358:394003 [3] NCCL INFO Channel 04/0 : 3[3] -> 4[4] via P2P/IPC
ts-8b1d8071943f9ab001945de267e23083-launcher:393359:393989 [4] NCCL INFO Channel 06/0 : 4[4] -> 5[5] via P2P/IPC
ts-8b1d8071943f9ab001945de267e23083-launcher:393358:394003 [3] NCCL INFO Channel 05/0 : 3[3] -> 4[4] via P2P/IPC
ts-8b1d8071943f9ab001945de267e23083-launcher:393357:393986 [2] NCCL INFO Channel 00/0 : 2[2] -> 3[3] via P2P/IPC
ts-8b1d8071943f9ab001945de267e23083-launcher:393359:393989 [4] NCCL INFO Channel 07/0 : 4[4] -> 5[5] via P2P/IPC
ts-8b1d8071943f9ab001945de267e23083-launcher:393358:394003 [3] NCCL INFO Channel 06/0 : 3[3] -> 4[4] via P2P/IPC
ts-8b1d8071943f9ab001945de267e23083-launcher:393360:393998 [5] NCCL INFO Channel 00/0 : 5[5] -> 0[0] via P2P/IPC
ts-8b1d8071943f9ab001945de267e23083-launcher:393357:393986 [2] NCCL INFO Channel 01/0 : 2[2] -> 3[3] via P2P/IPC
ts-8b1d8071943f9ab001945de267e23083-launcher:393359:393989 [4] NCCL INFO Channel 08/0 : 4[4] -> 5[5] via P2P/IPC
ts-8b1d8071943f9ab001945de267e23083-launcher:393358:394003 [3] NCCL INFO Channel 07/0 : 3[3] -> 4[4] via P2P/IPC
ts-8b1d8071943f9ab001945de267e23083-launcher:393360:393998 [5] NCCL INFO Channel 01/0 : 5[5] -> 0[0] via P2P/IPC
ts-8b1d8071943f9ab001945de267e23083-launcher:393359:393989 [4] NCCL INFO Channel 09/0 : 4[4] -> 5[5] via P2P/IPC
ts-8b1d8071943f9ab001945de267e23083-launcher:393360:393998 [5] NCCL INFO Channel 02/0 : 5[5] -> 0[0] via P2P/IPC
ts-8b1d8071943f9ab001945de267e23083-launcher:393355:393638 [0] NCCL INFO Channel 03/0 : 0[0] -> 1[1] via P2P/IPC
ts-8b1d8071943f9ab001945de267e23083-launcher:393358:394003 [3] NCCL INFO Channel 08/0 : 3[3] -> 4[4] via P2P/IPC
ts-8b1d8071943f9ab001945de267e23083-launcher:393359:393989 [4] NCCL INFO Channel 10/0 : 4[4] -> 5[5] via P2P/IPC
ts-8b1d8071943f9ab001945de267e23083-launcher:393360:393998 [5] NCCL INFO Channel 03/0 : 5[5] -> 0[0] via P2P/IPC
ts-8b1d8071943f9ab001945de267e23083-launcher:393355:393638 [0] NCCL INFO Channel 04/0 : 0[0] -> 1[1] via P2P/IPC
ts-8b1d8071943f9ab001945de267e23083-launcher:393358:394003 [3] NCCL INFO Channel 09/0 : 3[3] -> 4[4] via P2P/IPC
ts-8b1d8071943f9ab001945de267e23083-launcher:393359:393989 [4] NCCL INFO Channel 11/0 : 4[4] -> 5[5] via P2P/IPC
ts-8b1d8071943f9ab001945de267e23083-launcher:393360:393998 [5] NCCL INFO Channel 04/0 : 5[5] -> 0[0] via P2P/IPC
ts-8b1d8071943f9ab001945de267e23083-launcher:393356:394004 [1] NCCL INFO Channel 00/0 : 1[1] -> 2[2] via P2P/IPC
ts-8b1d8071943f9ab001945de267e23083-launcher:393355:393638 [0] NCCL INFO Channel 05/0 : 0[0] -> 1[1] via P2P/IPC
ts-8b1d8071943f9ab001945de267e23083-launcher:393358:394003 [3] NCCL INFO Channel 10/0 : 3[3] -> 4[4] via P2P/IPC
ts-8b1d8071943f9ab001945de267e23083-launcher:393359:393989 [4] NCCL INFO Channel 12/0 : 4[4] -> 5[5] via P2P/IPC
ts-8b1d8071943f9ab001945de267e23083-launcher:393360:393998 [5] NCCL INFO Channel 05/0 : 5[5] -> 0[0] via P2P/IPC
ts-8b1d8071943f9ab001945de267e23083-launcher:393356:394004 [1] NCCL INFO Channel 01/0 : 1[1] -> 2[2] via P2P/IPC
ts-8b1d8071943f9ab001945de267e23083-launcher:393357:393986 [2] NCCL INFO Channel 02/0 : 2[2] -> 3[3] via P2P/IPC
ts-8b1d8071943f9ab001945de267e23083-launcher:393355:393638 [0] NCCL INFO Channel 06/0 : 0[0] -> 1[1] via P2P/IPC
ts-8b1d8071943f9ab001945de267e23083-launcher:393358:394003 [3] NCCL INFO Channel 11/0 : 3[3] -> 4[4] via P2P/IPC
ts-8b1d8071943f9ab001945de267e23083-launcher:393360:393998 [5] NCCL INFO Channel 06/0 : 5[5] -> 0[0] via P2P/IPC
ts-8b1d8071943f9ab001945de267e23083-launcher:393356:394004 [1] NCCL INFO Channel 02/0 : 1[1] -> 2[2] via P2P/IPC
ts-8b1d8071943f9ab001945de267e23083-launcher:393357:393986 [2] NCCL INFO Channel 03/0 : 2[2] -> 3[3] via P2P/IPC
ts-8b1d8071943f9ab001945de267e23083-launcher:393355:393638 [0] NCCL INFO Channel 07/0 : 0[0] -> 1[1] via P2P/IPC
ts-8b1d8071943f9ab001945de267e23083-launcher:393358:394003 [3] NCCL INFO Channel 12/0 : 3[3] -> 4[4] via P2P/IPC
ts-8b1d8071943f9ab001945de267e23083-launcher:393360:393998 [5] NCCL INFO Channel 07/0 : 5[5] -> 0[0] via P2P/IPC
ts-8b1d8071943f9ab001945de267e23083-launcher:393356:394004 [1] NCCL INFO Channel 03/0 : 1[1] -> 2[2] via P2P/IPC
ts-8b1d8071943f9ab001945de267e23083-launcher:393357:393986 [2] NCCL INFO Channel 04/0 : 2[2] -> 3[3] via P2P/IPC
ts-8b1d8071943f9ab001945de267e23083-launcher:393355:393638 [0] NCCL INFO Channel 08/0 : 0[0] -> 1[1] via P2P/IPC
ts-8b1d8071943f9ab001945de267e23083-launcher:393358:394003 [3] NCCL INFO Channel 13/0 : 3[3] -> 4[4] via P2P/IPC
ts-8b1d8071943f9ab001945de267e23083-launcher:393360:393998 [5] NCCL INFO Channel 08/0 : 5[5] -> 0[0] via P2P/IPC
ts-8b1d8071943f9ab001945de267e23083-launcher:393356:394004 [1] NCCL INFO Channel 04/0 : 1[1] -> 2[2] via P2P/IPC
ts-8b1d8071943f9ab001945de267e23083-launcher:393357:393986 [2] NCCL INFO Channel 05/0 : 2[2] -> 3[3] via P2P/IPC
ts-8b1d8071943f9ab001945de267e23083-launcher:393355:393638 [0] NCCL INFO Channel 09/0 : 0[0] -> 1[1] via P2P/IPC
ts-8b1d8071943f9ab001945de267e23083-launcher:393359:393989 [4] NCCL INFO Channel 13/0 : 4[4] -> 5[5] via P2P/IPC
ts-8b1d8071943f9ab001945de267e23083-launcher:393360:393998 [5] NCCL INFO Channel 09/0 : 5[5] -> 0[0] via P2P/IPC
ts-8b1d8071943f9ab001945de267e23083-launcher:393358:394003 [3] NCCL INFO Channel 14/0 : 3[3] -> 4[4] via P2P/IPC
ts-8b1d8071943f9ab001945de267e23083-launcher:393357:393986 [2] NCCL INFO Channel 06/0 : 2[2] -> 3[3] via P2P/IPC
ts-8b1d8071943f9ab001945de267e23083-launcher:393355:393638 [0] NCCL INFO Channel 10/0 : 0[0] -> 1[1] via P2P/IPC
ts-8b1d8071943f9ab001945de267e23083-launcher:393356:394004 [1] NCCL INFO Channel 05/0 : 1[1] -> 2[2] via P2P/IPC
ts-8b1d8071943f9ab001945de267e23083-launcher:393358:394003 [3] NCCL INFO Channel 15/0 : 3[3] -> 4[4] via P2P/IPC
ts-8b1d8071943f9ab001945de267e23083-launcher:393359:393989 [4] NCCL INFO Channel 14/0 : 4[4] -> 5[5] via P2P/IPC
ts-8b1d8071943f9ab001945de267e23083-launcher:393360:393998 [5] NCCL INFO Channel 10/0 : 5[5] -> 0[0] via P2P/IPC
ts-8b1d8071943f9ab001945de267e23083-launcher:393357:393986 [2] NCCL INFO Channel 07/0 : 2[2] -> 3[3] via P2P/IPC
ts-8b1d8071943f9ab001945de267e23083-launcher:393360:393998 [5] NCCL INFO Channel 11/0 : 5[5] -> 0[0] via P2P/IPC
ts-8b1d8071943f9ab001945de267e23083-launcher:393355:393638 [0] NCCL INFO Channel 11/0 : 0[0] -> 1[1] via P2P/IPC
ts-8b1d8071943f9ab001945de267e23083-launcher:393356:394004 [1] NCCL INFO Channel 06/0 : 1[1] -> 2[2] via P2P/IPC
ts-8b1d8071943f9ab001945de267e23083-launcher:393357:393986 [2] NCCL INFO Channel 08/0 : 2[2] -> 3[3] via P2P/IPC
ts-8b1d8071943f9ab001945de267e23083-launcher:393359:393989 [4] NCCL INFO Channel 15/0 : 4[4] -> 5[5] via P2P/IPC
ts-8b1d8071943f9ab001945de267e23083-launcher:393360:393998 [5] NCCL INFO Channel 12/0 : 5[5] -> 0[0] via P2P/IPC
ts-8b1d8071943f9ab001945de267e23083-launcher:393355:393638 [0] NCCL INFO Channel 12/0 : 0[0] -> 1[1] via P2P/IPC
ts-8b1d8071943f9ab001945de267e23083-launcher:393356:394004 [1] NCCL INFO Channel 07/0 : 1[1] -> 2[2] via P2P/IPC
ts-8b1d8071943f9ab001945de267e23083-launcher:393357:393986 [2] NCCL INFO Channel 09/0 : 2[2] -> 3[3] via P2P/IPC
ts-8b1d8071943f9ab001945de267e23083-launcher:393360:393998 [5] NCCL INFO Channel 13/0 : 5[5] -> 0[0] via P2P/IPC
ts-8b1d8071943f9ab001945de267e23083-launcher:393355:393638 [0] NCCL INFO Channel 13/0 : 0[0] -> 1[1] via P2P/IPC
ts-8b1d8071943f9ab001945de267e23083-launcher:393356:394004 [1] NCCL INFO Channel 08/0 : 1[1] -> 2[2] via P2P/IPC
ts-8b1d8071943f9ab001945de267e23083-launcher:393357:393986 [2] NCCL INFO Channel 10/0 : 2[2] -> 3[3] via P2P/IPC
ts-8b1d8071943f9ab001945de267e23083-launcher:393360:393998 [5] NCCL INFO Channel 14/0 : 5[5] -> 0[0] via P2P/IPC
ts-8b1d8071943f9ab001945de267e23083-launcher:393355:393638 [0] NCCL INFO Channel 14/0 : 0[0] -> 1[1] via P2P/IPC
ts-8b1d8071943f9ab001945de267e23083-launcher:393356:394004 [1] NCCL INFO Channel 09/0 : 1[1] -> 2[2] via P2P/IPC
ts-8b1d8071943f9ab001945de267e23083-launcher:393357:393986 [2] NCCL INFO Channel 11/0 : 2[2] -> 3[3] via P2P/IPC
ts-8b1d8071943f9ab001945de267e23083-launcher:393360:393998 [5] NCCL INFO Channel 15/0 : 5[5] -> 0[0] via P2P/IPC
ts-8b1d8071943f9ab001945de267e23083-launcher:393355:393638 [0] NCCL INFO Channel 15/0 : 0[0] -> 1[1] via P2P/IPC
ts-8b1d8071943f9ab001945de267e23083-launcher:393356:394004 [1] NCCL INFO Channel 10/0 : 1[1] -> 2[2] via P2P/IPC
ts-8b1d8071943f9ab001945de267e23083-launcher:393357:393986 [2] NCCL INFO Channel 12/0 : 2[2] -> 3[3] via P2P/IPC
ts-8b1d8071943f9ab001945de267e23083-launcher:393356:394004 [1] NCCL INFO Channel 11/0 : 1[1] -> 2[2] via P2P/IPC
ts-8b1d8071943f9ab001945de267e23083-launcher:393357:393986 [2] NCCL INFO Channel 13/0 : 2[2] -> 3[3] via P2P/IPC
ts-8b1d8071943f9ab001945de267e23083-launcher:393356:394004 [1] NCCL INFO Channel 12/0 : 1[1] -> 2[2] via P2P/IPC
ts-8b1d8071943f9ab001945de267e23083-launcher:393357:393986 [2] NCCL INFO Channel 14/0 : 2[2] -> 3[3] via P2P/IPC
ts-8b1d8071943f9ab001945de267e23083-launcher:393356:394004 [1] NCCL INFO Channel 13/0 : 1[1] -> 2[2] via P2P/IPC
ts-8b1d8071943f9ab001945de267e23083-launcher:393357:393986 [2] NCCL INFO Channel 15/0 : 2[2] -> 3[3] via P2P/IPC
ts-8b1d8071943f9ab001945de267e23083-launcher:393356:394004 [1] NCCL INFO Channel 14/0 : 1[1] -> 2[2] via P2P/IPC
ts-8b1d8071943f9ab001945de267e23083-launcher:393356:394004 [1] NCCL INFO Channel 15/0 : 1[1] -> 2[2] via P2P/IPC
ts-8b1d8071943f9ab001945de267e23083-launcher:393359:393989 [4] NCCL INFO Connected all rings
ts-8b1d8071943f9ab001945de267e23083-launcher:393358:394003 [3] NCCL INFO Connected all rings
ts-8b1d8071943f9ab001945de267e23083-launcher:393360:393998 [5] NCCL INFO Connected all rings
ts-8b1d8071943f9ab001945de267e23083-launcher:393360:393998 [5] NCCL INFO Channel 00/0 : 5[5] -> 4[4] via P2P/IPC
ts-8b1d8071943f9ab001945de267e23083-launcher:393360:393998 [5] NCCL INFO Channel 01/0 : 5[5] -> 4[4] via P2P/IPC
ts-8b1d8071943f9ab001945de267e23083-launcher:393357:393986 [2] NCCL INFO Connected all rings
ts-8b1d8071943f9ab001945de267e23083-launcher:393355:393638 [0] NCCL INFO Connected all rings
ts-8b1d8071943f9ab001945de267e23083-launcher:393356:394004 [1] NCCL INFO Connected all rings
ts-8b1d8071943f9ab001945de267e23083-launcher:393360:393998 [5] NCCL INFO Channel 02/0 : 5[5] -> 4[4] via P2P/IPC
ts-8b1d8071943f9ab001945de267e23083-launcher:393360:393998 [5] NCCL INFO Channel 03/0 : 5[5] -> 4[4] via P2P/IPC
ts-8b1d8071943f9ab001945de267e23083-launcher:393360:393998 [5] NCCL INFO Channel 04/0 : 5[5] -> 4[4] via P2P/IPC
ts-8b1d8071943f9ab001945de267e23083-launcher:393360:393998 [5] NCCL INFO Channel 05/0 : 5[5] -> 4[4] via P2P/IPC
ts-8b1d8071943f9ab001945de267e23083-launcher:393360:393998 [5] NCCL INFO Channel 06/0 : 5[5] -> 4[4] via P2P/IPC
