ts-8b1d8071943f9ab001945de267e23083-launcher:434678:435538 [3] NCCL INFO comm 0xef0d8110 rank 3 nranks 6 cudaDev 3 nvmlDev 3 busId c4000 commId 0x793e23797b3742d9 - Init START
ts-8b1d8071943f9ab001945de267e23083-launcher:434679:435539 [4] NCCL INFO comm 0xebfeb5d0 rank 4 nranks 6 cudaDev 4 nvmlDev 4 busId d0000 commId 0x793e23797b3742d9 - Init START
ts-8b1d8071943f9ab001945de267e23083-launcher:434680:435540 [5] NCCL INFO comm 0xecc0e200 rank 5 nranks 6 cudaDev 5 nvmlDev 5 busId dd000 commId 0x793e23797b3742d9 - Init START
ts-8b1d8071943f9ab001945de267e23083-launcher:434677:435541 [2] NCCL INFO comm 0xf0abf8f0 rank 2 nranks 6 cudaDev 2 nvmlDev 2 busId 85000 commId 0x793e23797b3742d9 - Init START
ts-8b1d8071943f9ab001945de267e23083-launcher:434675:435536 [0] NCCL INFO comm 0xf100de80 rank 0 nranks 6 cudaDev 0 nvmlDev 0 busId 56000 commId 0x793e23797b3742d9 - Init START
ts-8b1d8071943f9ab001945de267e23083-launcher:434676:435537 [1] NCCL INFO comm 0xf1e795a0 rank 1 nranks 6 cudaDev 1 nvmlDev 1 busId 62000 commId 0x793e23797b3742d9 - Init START
ts-8b1d8071943f9ab001945de267e23083-launcher:434678:435538 [3] NCCL INFO Setting affinity for GPU 3 to ffffffff,ffff0000,00000000,ffffffff,ffff0000,00000000
ts-8b1d8071943f9ab001945de267e23083-launcher:434677:435541 [2] NCCL INFO Setting affinity for GPU 2 to ffffffff,ffff0000,00000000,ffffffff,ffff0000,00000000
ts-8b1d8071943f9ab001945de267e23083-launcher:434675:435536 [0] NCCL INFO Setting affinity for GPU 0 to 03ffffe0,00000000,00000000,03ffffe0
ts-8b1d8071943f9ab001945de267e23083-launcher:434679:435539 [4] NCCL INFO Setting affinity for GPU 4 to ffffffff,ffff0000,00000000,ffffffff,ffff0000,00000000
ts-8b1d8071943f9ab001945de267e23083-launcher:434680:435540 [5] NCCL INFO Setting affinity for GPU 5 to ffffffff,ffff0000,00000000,ffffffff,ffff0000,00000000
ts-8b1d8071943f9ab001945de267e23083-launcher:434676:435537 [1] NCCL INFO Setting affinity for GPU 1 to 03ffffe0,00000000,00000000,03ffffe0
ts-8b1d8071943f9ab001945de267e23083-launcher:434680:435540 [5] NCCL INFO comm 0xecc0e200 rank 5 nRanks 6 nNodes 1 localRanks 6 localRank 5 MNNVL 0
ts-8b1d8071943f9ab001945de267e23083-launcher:434675:435536 [0] NCCL INFO comm 0xf100de80 rank 0 nRanks 6 nNodes 1 localRanks 6 localRank 0 MNNVL 0
ts-8b1d8071943f9ab001945de267e23083-launcher:434679:435539 [4] NCCL INFO comm 0xebfeb5d0 rank 4 nRanks 6 nNodes 1 localRanks 6 localRank 4 MNNVL 0
ts-8b1d8071943f9ab001945de267e23083-launcher:434676:435537 [1] NCCL INFO comm 0xf1e795a0 rank 1 nRanks 6 nNodes 1 localRanks 6 localRank 1 MNNVL 0
ts-8b1d8071943f9ab001945de267e23083-launcher:434677:435541 [2] NCCL INFO comm 0xf0abf8f0 rank 2 nRanks 6 nNodes 1 localRanks 6 localRank 2 MNNVL 0
ts-8b1d8071943f9ab001945de267e23083-launcher:434678:435538 [3] NCCL INFO comm 0xef0d8110 rank 3 nRanks 6 nNodes 1 localRanks 6 localRank 3 MNNVL 0
ts-8b1d8071943f9ab001945de267e23083-launcher:434680:435540 [5] NCCL INFO Trees [0] -1/-1/-1->5->4 [1] -1/-1/-1->5->4 [2] -1/-1/-1->5->4 [3] -1/-1/-1->5->4 [4] -1/-1/-1->5->4 [5] -1/-1/-1->5->4 [6] -1/-1/-1->5->4 [7] -1/-1/-1->5->4 [8] -1/-1/-1->5->4 [9] -1/-1/-1->5->4 [10] -1/-1/-1->5->4 [11] -1/-1/-1->5->4 [12] -1/-1/-1->5->4 [13] -1/-1/-1->5->4 [14] -1/-1/-1->5->4 [15] -1/-1/-1->5->4
ts-8b1d8071943f9ab001945de267e23083-launcher:434680:435540 [5] NCCL INFO P2P Chunksize set to 524288
ts-8b1d8071943f9ab001945de267e23083-launcher:434675:435536 [0] NCCL INFO Channel 00/16 :    0   1   2   3   4   5
ts-8b1d8071943f9ab001945de267e23083-launcher:434675:435536 [0] NCCL INFO Channel 01/16 :    0   1   2   3   4   5
ts-8b1d8071943f9ab001945de267e23083-launcher:434679:435539 [4] NCCL INFO Trees [0] 5/-1/-1->4->3 [1] 5/-1/-1->4->3 [2] 5/-1/-1->4->3 [3] 5/-1/-1->4->3 [4] 5/-1/-1->4->3 [5] 5/-1/-1->4->3 [6] 5/-1/-1->4->3 [7] 5/-1/-1->4->3 [8] 5/-1/-1->4->3 [9] 5/-1/-1->4->3 [10] 5/-1/-1->4->3 [11] 5/-1/-1->4->3 [12] 5/-1/-1->4->3 [13] 5/-1/-1->4->3 [14] 5/-1/-1->4->3 [15] 5/-1/-1->4->3
ts-8b1d8071943f9ab001945de267e23083-launcher:434679:435539 [4] NCCL INFO P2P Chunksize set to 524288
ts-8b1d8071943f9ab001945de267e23083-launcher:434676:435537 [1] NCCL INFO Trees [0] 2/-1/-1->1->0 [1] 2/-1/-1->1->0 [2] 2/-1/-1->1->0 [3] 2/-1/-1->1->0 [4] 2/-1/-1->1->0 [5] 2/-1/-1->1->0 [6] 2/-1/-1->1->0 [7] 2/-1/-1->1->0 [8] 2/-1/-1->1->0 [9] 2/-1/-1->1->0 [10] 2/-1/-1->1->0 [11] 2/-1/-1->1->0 [12] 2/-1/-1->1->0 [13] 2/-1/-1->1->0 [14] 2/-1/-1->1->0 [15] 2/-1/-1->1->0
ts-8b1d8071943f9ab001945de267e23083-launcher:434676:435537 [1] NCCL INFO P2P Chunksize set to 524288
ts-8b1d8071943f9ab001945de267e23083-launcher:434677:435541 [2] NCCL INFO Trees [0] 3/-1/-1->2->1 [1] 3/-1/-1->2->1 [2] 3/-1/-1->2->1 [3] 3/-1/-1->2->1 [4] 3/-1/-1->2->1 [5] 3/-1/-1->2->1 [6] 3/-1/-1->2->1 [7] 3/-1/-1->2->1 [8] 3/-1/-1->2->1 [9] 3/-1/-1->2->1 [10] 3/-1/-1->2->1 [11] 3/-1/-1->2->1 [12] 3/-1/-1->2->1 [13] 3/-1/-1->2->1 [14] 3/-1/-1->2->1 [15] 3/-1/-1->2->1
ts-8b1d8071943f9ab001945de267e23083-launcher:434677:435541 [2] NCCL INFO P2P Chunksize set to 524288
ts-8b1d8071943f9ab001945de267e23083-launcher:434678:435538 [3] NCCL INFO Trees [0] 4/-1/-1->3->2 [1] 4/-1/-1->3->2 [2] 4/-1/-1->3->2 [3] 4/-1/-1->3->2 [4] 4/-1/-1->3->2 [5] 4/-1/-1->3->2 [6] 4/-1/-1->3->2 [7] 4/-1/-1->3->2 [8] 4/-1/-1->3->2 [9] 4/-1/-1->3->2 [10] 4/-1/-1->3->2 [11] 4/-1/-1->3->2 [12] 4/-1/-1->3->2 [13] 4/-1/-1->3->2 [14] 4/-1/-1->3->2 [15] 4/-1/-1->3->2
ts-8b1d8071943f9ab001945de267e23083-launcher:434678:435538 [3] NCCL INFO P2P Chunksize set to 524288
ts-8b1d8071943f9ab001945de267e23083-launcher:434675:435536 [0] NCCL INFO Channel 02/16 :    0   1   2   3   4   5
ts-8b1d8071943f9ab001945de267e23083-launcher:434675:435536 [0] NCCL INFO Channel 03/16 :    0   1   2   3   4   5
ts-8b1d8071943f9ab001945de267e23083-launcher:434675:435536 [0] NCCL INFO Channel 04/16 :    0   1   2   3   4   5
ts-8b1d8071943f9ab001945de267e23083-launcher:434675:435536 [0] NCCL INFO Channel 05/16 :    0   1   2   3   4   5
ts-8b1d8071943f9ab001945de267e23083-launcher:434675:435536 [0] NCCL INFO Channel 06/16 :    0   1   2   3   4   5
ts-8b1d8071943f9ab001945de267e23083-launcher:434675:435536 [0] NCCL INFO Channel 07/16 :    0   1   2   3   4   5
ts-8b1d8071943f9ab001945de267e23083-launcher:434675:435536 [0] NCCL INFO Channel 08/16 :    0   1   2   3   4   5
ts-8b1d8071943f9ab001945de267e23083-launcher:434675:435536 [0] NCCL INFO Channel 09/16 :    0   1   2   3   4   5
ts-8b1d8071943f9ab001945de267e23083-launcher:434675:435536 [0] NCCL INFO Channel 10/16 :    0   1   2   3   4   5
ts-8b1d8071943f9ab001945de267e23083-launcher:434675:435536 [0] NCCL INFO Channel 11/16 :    0   1   2   3   4   5
ts-8b1d8071943f9ab001945de267e23083-launcher:434675:435536 [0] NCCL INFO Channel 12/16 :    0   1   2   3   4   5
ts-8b1d8071943f9ab001945de267e23083-launcher:434675:435536 [0] NCCL INFO Channel 13/16 :    0   1   2   3   4   5
ts-8b1d8071943f9ab001945de267e23083-launcher:434675:435536 [0] NCCL INFO Channel 14/16 :    0   1   2   3   4   5
ts-8b1d8071943f9ab001945de267e23083-launcher:434675:435536 [0] NCCL INFO Channel 15/16 :    0   1   2   3   4   5
ts-8b1d8071943f9ab001945de267e23083-launcher:434675:435536 [0] NCCL INFO Trees [0] 1/-1/-1->0->-1 [1] 1/-1/-1->0->-1 [2] 1/-1/-1->0->-1 [3] 1/-1/-1->0->-1 [4] 1/-1/-1->0->-1 [5] 1/-1/-1->0->-1 [6] 1/-1/-1->0->-1 [7] 1/-1/-1->0->-1 [8] 1/-1/-1->0->-1 [9] 1/-1/-1->0->-1 [10] 1/-1/-1->0->-1 [11] 1/-1/-1->0->-1 [12] 1/-1/-1->0->-1 [13] 1/-1/-1->0->-1 [14] 1/-1/-1->0->-1 [15] 1/-1/-1->0->-1
ts-8b1d8071943f9ab001945de267e23083-launcher:434675:435536 [0] NCCL INFO P2P Chunksize set to 524288
ts-8b1d8071943f9ab001945de267e23083-launcher:434676:435537 [1] NCCL INFO Channel 00/0 : 1[1] -> 2[2] via P2P/IPC
ts-8b1d8071943f9ab001945de267e23083-launcher:434677:435541 [2] NCCL INFO Channel 00/0 : 2[2] -> 3[3] via P2P/IPC
ts-8b1d8071943f9ab001945de267e23083-launcher:434676:435537 [1] NCCL INFO Channel 01/0 : 1[1] -> 2[2] via P2P/IPC
ts-8b1d8071943f9ab001945de267e23083-launcher:434675:435536 [0] NCCL INFO Channel 00/0 : 0[0] -> 1[1] via P2P/IPC
ts-8b1d8071943f9ab001945de267e23083-launcher:434675:435536 [0] NCCL INFO Channel 01/0 : 0[0] -> 1[1] via P2P/IPC
ts-8b1d8071943f9ab001945de267e23083-launcher:434680:435540 [5] NCCL INFO Channel 00/0 : 5[5] -> 0[0] via P2P/IPC
ts-8b1d8071943f9ab001945de267e23083-launcher:434675:435536 [0] NCCL INFO Channel 02/0 : 0[0] -> 1[1] via P2P/IPC
ts-8b1d8071943f9ab001945de267e23083-launcher:434677:435541 [2] NCCL INFO Channel 01/0 : 2[2] -> 3[3] via P2P/IPC
ts-8b1d8071943f9ab001945de267e23083-launcher:434680:435540 [5] NCCL INFO Channel 01/0 : 5[5] -> 0[0] via P2P/IPC
ts-8b1d8071943f9ab001945de267e23083-launcher:434676:435537 [1] NCCL INFO Channel 02/0 : 1[1] -> 2[2] via P2P/IPC
ts-8b1d8071943f9ab001945de267e23083-launcher:434675:435536 [0] NCCL INFO Channel 03/0 : 0[0] -> 1[1] via P2P/IPC
ts-8b1d8071943f9ab001945de267e23083-launcher:434677:435541 [2] NCCL INFO Channel 02/0 : 2[2] -> 3[3] via P2P/IPC
ts-8b1d8071943f9ab001945de267e23083-launcher:434680:435540 [5] NCCL INFO Channel 02/0 : 5[5] -> 0[0] via P2P/IPC
ts-8b1d8071943f9ab001945de267e23083-launcher:434676:435537 [1] NCCL INFO Channel 03/0 : 1[1] -> 2[2] via P2P/IPC
ts-8b1d8071943f9ab001945de267e23083-launcher:434677:435541 [2] NCCL INFO Channel 03/0 : 2[2] -> 3[3] via P2P/IPC
ts-8b1d8071943f9ab001945de267e23083-launcher:434680:435540 [5] NCCL INFO Channel 03/0 : 5[5] -> 0[0] via P2P/IPC
ts-8b1d8071943f9ab001945de267e23083-launcher:434676:435537 [1] NCCL INFO Channel 04/0 : 1[1] -> 2[2] via P2P/IPC
ts-8b1d8071943f9ab001945de267e23083-launcher:434679:435539 [4] NCCL INFO Channel 00/0 : 4[4] -> 5[5] via P2P/IPC
ts-8b1d8071943f9ab001945de267e23083-launcher:434675:435536 [0] NCCL INFO Channel 04/0 : 0[0] -> 1[1] via P2P/IPC
ts-8b1d8071943f9ab001945de267e23083-launcher:434677:435541 [2] NCCL INFO Channel 04/0 : 2[2] -> 3[3] via P2P/IPC
ts-8b1d8071943f9ab001945de267e23083-launcher:434675:435536 [0] NCCL INFO Channel 05/0 : 0[0] -> 1[1] via P2P/IPC
ts-8b1d8071943f9ab001945de267e23083-launcher:434680:435540 [5] NCCL INFO Channel 04/0 : 5[5] -> 0[0] via P2P/IPC
ts-8b1d8071943f9ab001945de267e23083-launcher:434678:435538 [3] NCCL INFO Channel 00/0 : 3[3] -> 4[4] via P2P/IPC
ts-8b1d8071943f9ab001945de267e23083-launcher:434677:435541 [2] NCCL INFO Channel 05/0 : 2[2] -> 3[3] via P2P/IPC
ts-8b1d8071943f9ab001945de267e23083-launcher:434675:435536 [0] NCCL INFO Channel 06/0 : 0[0] -> 1[1] via P2P/IPC
ts-8b1d8071943f9ab001945de267e23083-launcher:434676:435537 [1] NCCL INFO Channel 05/0 : 1[1] -> 2[2] via P2P/IPC
ts-8b1d8071943f9ab001945de267e23083-launcher:434677:435541 [2] NCCL INFO Channel 06/0 : 2[2] -> 3[3] via P2P/IPC
ts-8b1d8071943f9ab001945de267e23083-launcher:434679:435539 [4] NCCL INFO Channel 01/0 : 4[4] -> 5[5] via P2P/IPC
ts-8b1d8071943f9ab001945de267e23083-launcher:434680:435540 [5] NCCL INFO Channel 05/0 : 5[5] -> 0[0] via P2P/IPC
ts-8b1d8071943f9ab001945de267e23083-launcher:434675:435536 [0] NCCL INFO Channel 07/0 : 0[0] -> 1[1] via P2P/IPC
ts-8b1d8071943f9ab001945de267e23083-launcher:434676:435537 [1] NCCL INFO Channel 06/0 : 1[1] -> 2[2] via P2P/IPC
ts-8b1d8071943f9ab001945de267e23083-launcher:434677:435541 [2] NCCL INFO Channel 07/0 : 2[2] -> 3[3] via P2P/IPC
ts-8b1d8071943f9ab001945de267e23083-launcher:434678:435538 [3] NCCL INFO Channel 01/0 : 3[3] -> 4[4] via P2P/IPC
ts-8b1d8071943f9ab001945de267e23083-launcher:434675:435536 [0] NCCL INFO Channel 08/0 : 0[0] -> 1[1] via P2P/IPC
ts-8b1d8071943f9ab001945de267e23083-launcher:434676:435537 [1] NCCL INFO Channel 07/0 : 1[1] -> 2[2] via P2P/IPC
ts-8b1d8071943f9ab001945de267e23083-launcher:434680:435540 [5] NCCL INFO Channel 06/0 : 5[5] -> 0[0] via P2P/IPC
ts-8b1d8071943f9ab001945de267e23083-launcher:434675:435536 [0] NCCL INFO Channel 09/0 : 0[0] -> 1[1] via P2P/IPC
ts-8b1d8071943f9ab001945de267e23083-launcher:434676:435537 [1] NCCL INFO Channel 08/0 : 1[1] -> 2[2] via P2P/IPC
ts-8b1d8071943f9ab001945de267e23083-launcher:434677:435541 [2] NCCL INFO Channel 08/0 : 2[2] -> 3[3] via P2P/IPC
ts-8b1d8071943f9ab001945de267e23083-launcher:434678:435538 [3] NCCL INFO Channel 02/0 : 3[3] -> 4[4] via P2P/IPC
ts-8b1d8071943f9ab001945de267e23083-launcher:434680:435540 [5] NCCL INFO Channel 07/0 : 5[5] -> 0[0] via P2P/IPC
ts-8b1d8071943f9ab001945de267e23083-launcher:434675:435536 [0] NCCL INFO Channel 10/0 : 0[0] -> 1[1] via P2P/IPC
ts-8b1d8071943f9ab001945de267e23083-launcher:434676:435537 [1] NCCL INFO Channel 09/0 : 1[1] -> 2[2] via P2P/IPC
ts-8b1d8071943f9ab001945de267e23083-launcher:434677:435541 [2] NCCL INFO Channel 09/0 : 2[2] -> 3[3] via P2P/IPC
ts-8b1d8071943f9ab001945de267e23083-launcher:434678:435538 [3] NCCL INFO Channel 03/0 : 3[3] -> 4[4] via P2P/IPC
ts-8b1d8071943f9ab001945de267e23083-launcher:434679:435539 [4] NCCL INFO Channel 02/0 : 4[4] -> 5[5] via P2P/IPC
ts-8b1d8071943f9ab001945de267e23083-launcher:434680:435540 [5] NCCL INFO Channel 08/0 : 5[5] -> 0[0] via P2P/IPC
ts-8b1d8071943f9ab001945de267e23083-launcher:434677:435541 [2] NCCL INFO Channel 10/0 : 2[2] -> 3[3] via P2P/IPC
ts-8b1d8071943f9ab001945de267e23083-launcher:434678:435538 [3] NCCL INFO Channel 04/0 : 3[3] -> 4[4] via P2P/IPC
ts-8b1d8071943f9ab001945de267e23083-launcher:434679:435539 [4] NCCL INFO Channel 03/0 : 4[4] -> 5[5] via P2P/IPC
ts-8b1d8071943f9ab001945de267e23083-launcher:434675:435536 [0] NCCL INFO Channel 11/0 : 0[0] -> 1[1] via P2P/IPC
ts-8b1d8071943f9ab001945de267e23083-launcher:434676:435537 [1] NCCL INFO Channel 10/0 : 1[1] -> 2[2] via P2P/IPC
ts-8b1d8071943f9ab001945de267e23083-launcher:434680:435540 [5] NCCL INFO Channel 09/0 : 5[5] -> 0[0] via P2P/IPC
ts-8b1d8071943f9ab001945de267e23083-launcher:434679:435539 [4] NCCL INFO Channel 04/0 : 4[4] -> 5[5] via P2P/IPC
ts-8b1d8071943f9ab001945de267e23083-launcher:434678:435538 [3] NCCL INFO Channel 05/0 : 3[3] -> 4[4] via P2P/IPC
ts-8b1d8071943f9ab001945de267e23083-launcher:434676:435537 [1] NCCL INFO Channel 11/0 : 1[1] -> 2[2] via P2P/IPC
ts-8b1d8071943f9ab001945de267e23083-launcher:434677:435541 [2] NCCL INFO Channel 11/0 : 2[2] -> 3[3] via P2P/IPC
ts-8b1d8071943f9ab001945de267e23083-launcher:434675:435536 [0] NCCL INFO Channel 12/0 : 0[0] -> 1[1] via P2P/IPC
ts-8b1d8071943f9ab001945de267e23083-launcher:434680:435540 [5] NCCL INFO Channel 10/0 : 5[5] -> 0[0] via P2P/IPC
ts-8b1d8071943f9ab001945de267e23083-launcher:434678:435538 [3] NCCL INFO Channel 06/0 : 3[3] -> 4[4] via P2P/IPC
ts-8b1d8071943f9ab001945de267e23083-launcher:434676:435537 [1] NCCL INFO Channel 12/0 : 1[1] -> 2[2] via P2P/IPC
ts-8b1d8071943f9ab001945de267e23083-launcher:434679:435539 [4] NCCL INFO Channel 05/0 : 4[4] -> 5[5] via P2P/IPC
ts-8b1d8071943f9ab001945de267e23083-launcher:434677:435541 [2] NCCL INFO Channel 12/0 : 2[2] -> 3[3] via P2P/IPC
ts-8b1d8071943f9ab001945de267e23083-launcher:434680:435540 [5] NCCL INFO Channel 11/0 : 5[5] -> 0[0] via P2P/IPC
ts-8b1d8071943f9ab001945de267e23083-launcher:434675:435536 [0] NCCL INFO Channel 13/0 : 0[0] -> 1[1] via P2P/IPC
ts-8b1d8071943f9ab001945de267e23083-launcher:434680:435540 [5] NCCL INFO Channel 12/0 : 5[5] -> 0[0] via P2P/IPC
ts-8b1d8071943f9ab001945de267e23083-launcher:434675:435536 [0] NCCL INFO Channel 14/0 : 0[0] -> 1[1] via P2P/IPC
ts-8b1d8071943f9ab001945de267e23083-launcher:434680:435540 [5] NCCL INFO Channel 13/0 : 5[5] -> 0[0] via P2P/IPC
ts-8b1d8071943f9ab001945de267e23083-launcher:434675:435536 [0] NCCL INFO Channel 15/0 : 0[0] -> 1[1] via P2P/IPC
ts-8b1d8071943f9ab001945de267e23083-launcher:434678:435538 [3] NCCL INFO Channel 07/0 : 3[3] -> 4[4] via P2P/IPC
ts-8b1d8071943f9ab001945de267e23083-launcher:434676:435537 [1] NCCL INFO Channel 13/0 : 1[1] -> 2[2] via P2P/IPC
ts-8b1d8071943f9ab001945de267e23083-launcher:434679:435539 [4] NCCL INFO Channel 06/0 : 4[4] -> 5[5] via P2P/IPC
ts-8b1d8071943f9ab001945de267e23083-launcher:434677:435541 [2] NCCL INFO Channel 13/0 : 2[2] -> 3[3] via P2P/IPC
ts-8b1d8071943f9ab001945de267e23083-launcher:434680:435540 [5] NCCL INFO Channel 14/0 : 5[5] -> 0[0] via P2P/IPC
ts-8b1d8071943f9ab001945de267e23083-launcher:434678:435538 [3] NCCL INFO Channel 08/0 : 3[3] -> 4[4] via P2P/IPC
ts-8b1d8071943f9ab001945de267e23083-launcher:434676:435537 [1] NCCL INFO Channel 14/0 : 1[1] -> 2[2] via P2P/IPC
ts-8b1d8071943f9ab001945de267e23083-launcher:434679:435539 [4] NCCL INFO Channel 07/0 : 4[4] -> 5[5] via P2P/IPC
ts-8b1d8071943f9ab001945de267e23083-launcher:434677:435541 [2] NCCL INFO Channel 14/0 : 2[2] -> 3[3] via P2P/IPC
ts-8b1d8071943f9ab001945de267e23083-launcher:434680:435540 [5] NCCL INFO Channel 15/0 : 5[5] -> 0[0] via P2P/IPC
ts-8b1d8071943f9ab001945de267e23083-launcher:434678:435538 [3] NCCL INFO Channel 09/0 : 3[3] -> 4[4] via P2P/IPC
ts-8b1d8071943f9ab001945de267e23083-launcher:434679:435539 [4] NCCL INFO Channel 08/0 : 4[4] -> 5[5] via P2P/IPC
ts-8b1d8071943f9ab001945de267e23083-launcher:434677:435541 [2] NCCL INFO Channel 15/0 : 2[2] -> 3[3] via P2P/IPC
ts-8b1d8071943f9ab001945de267e23083-launcher:434676:435537 [1] NCCL INFO Channel 15/0 : 1[1] -> 2[2] via P2P/IPC
ts-8b1d8071943f9ab001945de267e23083-launcher:434678:435538 [3] NCCL INFO Channel 10/0 : 3[3] -> 4[4] via P2P/IPC
ts-8b1d8071943f9ab001945de267e23083-launcher:434679:435539 [4] NCCL INFO Channel 09/0 : 4[4] -> 5[5] via P2P/IPC
ts-8b1d8071943f9ab001945de267e23083-launcher:434678:435538 [3] NCCL INFO Channel 11/0 : 3[3] -> 4[4] via P2P/IPC
ts-8b1d8071943f9ab001945de267e23083-launcher:434679:435539 [4] NCCL INFO Channel 10/0 : 4[4] -> 5[5] via P2P/IPC
ts-8b1d8071943f9ab001945de267e23083-launcher:434678:435538 [3] NCCL INFO Channel 12/0 : 3[3] -> 4[4] via P2P/IPC
ts-8b1d8071943f9ab001945de267e23083-launcher:434679:435539 [4] NCCL INFO Channel 11/0 : 4[4] -> 5[5] via P2P/IPC
ts-8b1d8071943f9ab001945de267e23083-launcher:434678:435538 [3] NCCL INFO Channel 13/0 : 3[3] -> 4[4] via P2P/IPC
ts-8b1d8071943f9ab001945de267e23083-launcher:434679:435539 [4] NCCL INFO Channel 12/0 : 4[4] -> 5[5] via P2P/IPC
ts-8b1d8071943f9ab001945de267e23083-launcher:434678:435538 [3] NCCL INFO Channel 14/0 : 3[3] -> 4[4] via P2P/IPC
ts-8b1d8071943f9ab001945de267e23083-launcher:434679:435539 [4] NCCL INFO Channel 13/0 : 4[4] -> 5[5] via P2P/IPC
ts-8b1d8071943f9ab001945de267e23083-launcher:434678:435538 [3] NCCL INFO Channel 15/0 : 3[3] -> 4[4] via P2P/IPC
ts-8b1d8071943f9ab001945de267e23083-launcher:434679:435539 [4] NCCL INFO Channel 14/0 : 4[4] -> 5[5] via P2P/IPC
ts-8b1d8071943f9ab001945de267e23083-launcher:434679:435539 [4] NCCL INFO Channel 15/0 : 4[4] -> 5[5] via P2P/IPC
ts-8b1d8071943f9ab001945de267e23083-launcher:434675:435536 [0] NCCL INFO Connected all rings
ts-8b1d8071943f9ab001945de267e23083-launcher:434676:435537 [1] NCCL INFO Connected all rings
ts-8b1d8071943f9ab001945de267e23083-launcher:434680:435540 [5] NCCL INFO Connected all rings
ts-8b1d8071943f9ab001945de267e23083-launcher:434680:435540 [5] NCCL INFO Channel 00/0 : 5[5] -> 4[4] via P2P/IPC
ts-8b1d8071943f9ab001945de267e23083-launcher:434679:435539 [4] NCCL INFO Connected all rings
ts-8b1d8071943f9ab001945de267e23083-launcher:434678:435538 [3] NCCL INFO Connected all rings
ts-8b1d8071943f9ab001945de267e23083-launcher:434677:435541 [2] NCCL INFO Connected all rings
ts-8b1d8071943f9ab001945de267e23083-launcher:434680:435540 [5] NCCL INFO Channel 01/0 : 5[5] -> 4[4] via P2P/IPC
ts-8b1d8071943f9ab001945de267e23083-launcher:434680:435540 [5] NCCL INFO Channel 02/0 : 5[5] -> 4[4] via P2P/IPC
ts-8b1d8071943f9ab001945de267e23083-launcher:434680:435540 [5] NCCL INFO Channel 03/0 : 5[5] -> 4[4] via P2P/IPC
ts-8b1d8071943f9ab001945de267e23083-launcher:434680:435540 [5] NCCL INFO Channel 04/0 : 5[5] -> 4[4] via P2P/IPC
ts-8b1d8071943f9ab001945de267e23083-launcher:434680:435540 [5] NCCL INFO Channel 05/0 : 5[5] -> 4[4] via P2P/IPC
ts-8b1d8071943f9ab001945de267e23083-launcher:434680:435540 [5] NCCL INFO Channel 06/0 : 5[5] -> 4[4] via P2P/IPC
ts-8b1d8071943f9ab001945de267e23083-launcher:434680:435540 [5] NCCL INFO Channel 07/0 : 5[5] -> 4[4] via P2P/IPC
ts-8b1d8071943f9ab001945de267e23083-launcher:434680:435540 [5] NCCL INFO Channel 08/0 : 5[5] -> 4[4] via P2P/IPC
ts-8b1d8071943f9ab001945de267e23083-launcher:434680:435540 [5] NCCL INFO Channel 09/0 : 5[5] -> 4[4] via P2P/IPC
ts-8b1d8071943f9ab001945de267e23083-launcher:434680:435540 [5] NCCL INFO Channel 10/0 : 5[5] -> 4[4] via P2P/IPC
ts-8b1d8071943f9ab001945de267e23083-launcher:434680:435540 [5] NCCL INFO Channel 11/0 : 5[5] -> 4[4] via P2P/IPC
ts-8b1d8071943f9ab001945de267e23083-launcher:434680:435540 [5] NCCL INFO Channel 12/0 : 5[5] -> 4[4] via P2P/IPC
ts-8b1d8071943f9ab001945de267e23083-launcher:434680:435540 [5] NCCL INFO Channel 13/0 : 5[5] -> 4[4] via P2P/IPC
ts-8b1d8071943f9ab001945de267e23083-launcher:434676:435537 [1] NCCL INFO Channel 00/0 : 1[1] -> 0[0] via P2P/IPC
ts-8b1d8071943f9ab001945de267e23083-launcher:434680:435540 [5] NCCL INFO Channel 14/0 : 5[5] -> 4[4] via P2P/IPC
ts-8b1d8071943f9ab001945de267e23083-launcher:434676:435537 [1] NCCL INFO Channel 01/0 : 1[1] -> 0[0] via P2P/IPC
ts-8b1d8071943f9ab001945de267e23083-launcher:434680:435540 [5] NCCL INFO Channel 15/0 : 5[5] -> 4[4] via P2P/IPC
ts-8b1d8071943f9ab001945de267e23083-launcher:434679:435539 [4] NCCL INFO Channel 00/0 : 4[4] -> 3[3] via P2P/IPC
ts-8b1d8071943f9ab001945de267e23083-launcher:434678:435538 [3] NCCL INFO Channel 00/0 : 3[3] -> 2[2] via P2P/IPC
ts-8b1d8071943f9ab001945de267e23083-launcher:434676:435537 [1] NCCL INFO Channel 02/0 : 1[1] -> 0[0] via P2P/IPC
ts-8b1d8071943f9ab001945de267e23083-launcher:434679:435539 [4] NCCL INFO Channel 01/0 : 4[4] -> 3[3] via P2P/IPC
ts-8b1d8071943f9ab001945de267e23083-launcher:434678:435538 [3] NCCL INFO Channel 01/0 : 3[3] -> 2[2] via P2P/IPC
ts-8b1d8071943f9ab001945de267e23083-launcher:434676:435537 [1] NCCL INFO Channel 03/0 : 1[1] -> 0[0] via P2P/IPC
ts-8b1d8071943f9ab001945de267e23083-launcher:434679:435539 [4] NCCL INFO Channel 02/0 : 4[4] -> 3[3] via P2P/IPC
ts-8b1d8071943f9ab001945de267e23083-launcher:434678:435538 [3] NCCL INFO Channel 02/0 : 3[3] -> 2[2] via P2P/IPC
ts-8b1d8071943f9ab001945de267e23083-launcher:434676:435537 [1] NCCL INFO Channel 04/0 : 1[1] -> 0[0] via P2P/IPC
ts-8b1d8071943f9ab001945de267e23083-launcher:434679:435539 [4] NCCL INFO Channel 03/0 : 4[4] -> 3[3] via P2P/IPC
ts-8b1d8071943f9ab001945de267e23083-launcher:434678:435538 [3] NCCL INFO Channel 03/0 : 3[3] -> 2[2] via P2P/IPC
ts-8b1d8071943f9ab001945de267e23083-launcher:434676:435537 [1] NCCL INFO Channel 05/0 : 1[1] -> 0[0] via P2P/IPC
ts-8b1d8071943f9ab001945de267e23083-launcher:434679:435539 [4] NCCL INFO Channel 04/0 : 4[4] -> 3[3] via P2P/IPC
ts-8b1d8071943f9ab001945de267e23083-launcher:434678:435538 [3] NCCL INFO Channel 04/0 : 3[3] -> 2[2] via P2P/IPC
ts-8b1d8071943f9ab001945de267e23083-launcher:434676:435537 [1] NCCL INFO Channel 06/0 : 1[1] -> 0[0] via P2P/IPC
ts-8b1d8071943f9ab001945de267e23083-launcher:434679:435539 [4] NCCL INFO Channel 05/0 : 4[4] -> 3[3] via P2P/IPC
ts-8b1d8071943f9ab001945de267e23083-launcher:434678:435538 [3] NCCL INFO Channel 05/0 : 3[3] -> 2[2] via P2P/IPC
ts-8b1d8071943f9ab001945de267e23083-launcher:434676:435537 [1] NCCL INFO Channel 07/0 : 1[1] -> 0[0] via P2P/IPC
ts-8b1d8071943f9ab001945de267e23083-launcher:434679:435539 [4] NCCL INFO Channel 06/0 : 4[4] -> 3[3] via P2P/IPC
ts-8b1d8071943f9ab001945de267e23083-launcher:434678:435538 [3] NCCL INFO Channel 06/0 : 3[3] -> 2[2] via P2P/IPC
ts-8b1d8071943f9ab001945de267e23083-launcher:434676:435537 [1] NCCL INFO Channel 08/0 : 1[1] -> 0[0] via P2P/IPC
ts-8b1d8071943f9ab001945de267e23083-launcher:434679:435539 [4] NCCL INFO Channel 07/0 : 4[4] -> 3[3] via P2P/IPC
ts-8b1d8071943f9ab001945de267e23083-launcher:434678:435538 [3] NCCL INFO Channel 07/0 : 3[3] -> 2[2] via P2P/IPC
ts-8b1d8071943f9ab001945de267e23083-launcher:434676:435537 [1] NCCL INFO Channel 09/0 : 1[1] -> 0[0] via P2P/IPC
ts-8b1d8071943f9ab001945de267e23083-launcher:434679:435539 [4] NCCL INFO Channel 08/0 : 4[4] -> 3[3] via P2P/IPC
ts-8b1d8071943f9ab001945de267e23083-launcher:434678:435538 [3] NCCL INFO Channel 08/0 : 3[3] -> 2[2] via P2P/IPC
ts-8b1d8071943f9ab001945de267e23083-launcher:434676:435537 [1] NCCL INFO Channel 10/0 : 1[1] -> 0[0] via P2P/IPC
ts-8b1d8071943f9ab001945de267e23083-launcher:434679:435539 [4] NCCL INFO Channel 09/0 : 4[4] -> 3[3] via P2P/IPC
ts-8b1d8071943f9ab001945de267e23083-launcher:434678:435538 [3] NCCL INFO Channel 09/0 : 3[3] -> 2[2] via P2P/IPC
ts-8b1d8071943f9ab001945de267e23083-launcher:434676:435537 [1] NCCL INFO Channel 11/0 : 1[1] -> 0[0] via P2P/IPC
ts-8b1d8071943f9ab001945de267e23083-launcher:434679:435539 [4] NCCL INFO Channel 10/0 : 4[4] -> 3[3] via P2P/IPC
ts-8b1d8071943f9ab001945de267e23083-launcher:434678:435538 [3] NCCL INFO Channel 10/0 : 3[3] -> 2[2] via P2P/IPC
ts-8b1d8071943f9ab001945de267e23083-launcher:434676:435537 [1] NCCL INFO Channel 12/0 : 1[1] -> 0[0] via P2P/IPC
ts-8b1d8071943f9ab001945de267e23083-launcher:434679:435539 [4] NCCL INFO Channel 11/0 : 4[4] -> 3[3] via P2P/IPC
ts-8b1d8071943f9ab001945de267e23083-launcher:434678:435538 [3] NCCL INFO Channel 11/0 : 3[3] -> 2[2] via P2P/IPC
ts-8b1d8071943f9ab001945de267e23083-launcher:434676:435537 [1] NCCL INFO Channel 13/0 : 1[1] -> 0[0] via P2P/IPC
ts-8b1d8071943f9ab001945de267e23083-launcher:434679:435539 [4] NCCL INFO Channel 12/0 : 4[4] -> 3[3] via P2P/IPC
ts-8b1d8071943f9ab001945de267e23083-launcher:434678:435538 [3] NCCL INFO Channel 12/0 : 3[3] -> 2[2] via P2P/IPC
ts-8b1d8071943f9ab001945de267e23083-launcher:434676:435537 [1] NCCL INFO Channel 14/0 : 1[1] -> 0[0] via P2P/IPC
ts-8b1d8071943f9ab001945de267e23083-launcher:434679:435539 [4] NCCL INFO Channel 13/0 : 4[4] -> 3[3] via P2P/IPC
ts-8b1d8071943f9ab001945de267e23083-launcher:434678:435538 [3] NCCL INFO Channel 13/0 : 3[3] -> 2[2] via P2P/IPC
ts-8b1d8071943f9ab001945de267e23083-launcher:434676:435537 [1] NCCL INFO Channel 15/0 : 1[1] -> 0[0] via P2P/IPC
ts-8b1d8071943f9ab001945de267e23083-launcher:434678:435538 [3] NCCL INFO Channel 14/0 : 3[3] -> 2[2] via P2P/IPC
ts-8b1d8071943f9ab001945de267e23083-launcher:434679:435539 [4] NCCL INFO Channel 14/0 : 4[4] -> 3[3] via P2P/IPC
ts-8b1d8071943f9ab001945de267e23083-launcher:434678:435538 [3] NCCL INFO Channel 15/0 : 3[3] -> 2[2] via P2P/IPC
ts-8b1d8071943f9ab001945de267e23083-launcher:434679:435539 [4] NCCL INFO Channel 15/0 : 4[4] -> 3[3] via P2P/IPC
ts-8b1d8071943f9ab001945de267e23083-launcher:434680:435540 [5] NCCL INFO Connected all trees
ts-8b1d8071943f9ab001945de267e23083-launcher:434680:435540 [5] NCCL INFO threadThresholds 8/8/64 | 48/8/64 | 512 | 512
ts-8b1d8071943f9ab001945de267e23083-launcher:434680:435540 [5] NCCL INFO 16 coll channels, 0 collnet channels, 0 nvls channels, 16 p2p channels, 16 p2p channels per peer
ts-8b1d8071943f9ab001945de267e23083-launcher:434677:435541 [2] NCCL INFO Channel 00/0 : 2[2] -> 1[1] via P2P/IPC
ts-8b1d8071943f9ab001945de267e23083-launcher:434677:435541 [2] NCCL INFO Channel 01/0 : 2[2] -> 1[1] via P2P/IPC
ts-8b1d8071943f9ab001945de267e23083-launcher:434677:435541 [2] NCCL INFO Channel 02/0 : 2[2] -> 1[1] via P2P/IPC
ts-8b1d8071943f9ab001945de267e23083-launcher:434677:435541 [2] NCCL INFO Channel 03/0 : 2[2] -> 1[1] via P2P/IPC
ts-8b1d8071943f9ab001945de267e23083-launcher:434677:435541 [2] NCCL INFO Channel 04/0 : 2[2] -> 1[1] via P2P/IPC
ts-8b1d8071943f9ab001945de267e23083-launcher:434677:435541 [2] NCCL INFO Channel 05/0 : 2[2] -> 1[1] via P2P/IPC
ts-8b1d8071943f9ab001945de267e23083-launcher:434677:435541 [2] NCCL INFO Channel 06/0 : 2[2] -> 1[1] via P2P/IPC
ts-8b1d8071943f9ab001945de267e23083-launcher:434677:435541 [2] NCCL INFO Channel 07/0 : 2[2] -> 1[1] via P2P/IPC
ts-8b1d8071943f9ab001945de267e23083-launcher:434677:435541 [2] NCCL INFO Channel 08/0 : 2[2] -> 1[1] via P2P/IPC
ts-8b1d8071943f9ab001945de267e23083-launcher:434677:435541 [2] NCCL INFO Channel 09/0 : 2[2] -> 1[1] via P2P/IPC
ts-8b1d8071943f9ab001945de267e23083-launcher:434677:435541 [2] NCCL INFO Channel 10/0 : 2[2] -> 1[1] via P2P/IPC
ts-8b1d8071943f9ab001945de267e23083-launcher:434677:435541 [2] NCCL INFO Channel 11/0 : 2[2] -> 1[1] via P2P/IPC
ts-8b1d8071943f9ab001945de267e23083-launcher:434677:435541 [2] NCCL INFO Channel 12/0 : 2[2] -> 1[1] via P2P/IPC
ts-8b1d8071943f9ab001945de267e23083-launcher:434677:435541 [2] NCCL INFO Channel 13/0 : 2[2] -> 1[1] via P2P/IPC
ts-8b1d8071943f9ab001945de267e23083-launcher:434677:435541 [2] NCCL INFO Channel 14/0 : 2[2] -> 1[1] via P2P/IPC
ts-8b1d8071943f9ab001945de267e23083-launcher:434677:435541 [2] NCCL INFO Channel 15/0 : 2[2] -> 1[1] via P2P/IPC
ts-8b1d8071943f9ab001945de267e23083-launcher:434679:435539 [4] NCCL INFO Connected all trees
ts-8b1d8071943f9ab001945de267e23083-launcher:434679:435539 [4] NCCL INFO threadThresholds 8/8/64 | 48/8/64 | 512 | 512
ts-8b1d8071943f9ab001945de267e23083-launcher:434679:435539 [4] NCCL INFO 16 coll channels, 0 collnet channels, 0 nvls channels, 16 p2p channels, 16 p2p channels per peer
ts-8b1d8071943f9ab001945de267e23083-launcher:434675:435536 [0] NCCL INFO Connected all trees
ts-8b1d8071943f9ab001945de267e23083-launcher:434675:435536 [0] NCCL INFO threadThresholds 8/8/64 | 48/8/64 | 512 | 512
ts-8b1d8071943f9ab001945de267e23083-launcher:434675:435536 [0] NCCL INFO 16 coll channels, 0 collnet channels, 0 nvls channels, 16 p2p channels, 16 p2p channels per peer
ts-8b1d8071943f9ab001945de267e23083-launcher:434676:435537 [1] NCCL INFO Connected all trees
ts-8b1d8071943f9ab001945de267e23083-launcher:434676:435537 [1] NCCL INFO threadThresholds 8/8/64 | 48/8/64 | 512 | 512
ts-8b1d8071943f9ab001945de267e23083-launcher:434676:435537 [1] NCCL INFO 16 coll channels, 0 collnet channels, 0 nvls channels, 16 p2p channels, 16 p2p channels per peer
ts-8b1d8071943f9ab001945de267e23083-launcher:434678:435538 [3] NCCL INFO Connected all trees
ts-8b1d8071943f9ab001945de267e23083-launcher:434677:435541 [2] NCCL INFO Connected all trees
ts-8b1d8071943f9ab001945de267e23083-launcher:434678:435538 [3] NCCL INFO threadThresholds 8/8/64 | 48/8/64 | 512 | 512
ts-8b1d8071943f9ab001945de267e23083-launcher:434677:435541 [2] NCCL INFO threadThresholds 8/8/64 | 48/8/64 | 512 | 512
ts-8b1d8071943f9ab001945de267e23083-launcher:434678:435538 [3] NCCL INFO 16 coll channels, 0 collnet channels, 0 nvls channels, 16 p2p channels, 16 p2p channels per peer
ts-8b1d8071943f9ab001945de267e23083-launcher:434677:435541 [2] NCCL INFO 16 coll channels, 0 collnet channels, 0 nvls channels, 16 p2p channels, 16 p2p channels per peer
ts-8b1d8071943f9ab001945de267e23083-launcher:434677:435541 [2] NCCL INFO comm 0xf0abf8f0 rank 2 nranks 6 cudaDev 2 nvmlDev 2 busId 85000 commId 0x793e23797b3742d9 - Init COMPLETE
ts-8b1d8071943f9ab001945de267e23083-launcher:434675:435536 [0] NCCL INFO comm 0xf100de80 rank 0 nranks 6 cudaDev 0 nvmlDev 0 busId 56000 commId 0x793e23797b3742d9 - Init COMPLETE
ts-8b1d8071943f9ab001945de267e23083-launcher:434679:435539 [4] NCCL INFO comm 0xebfeb5d0 rank 4 nranks 6 cudaDev 4 nvmlDev 4 busId d0000 commId 0x793e23797b3742d9 - Init COMPLETE
ts-8b1d8071943f9ab001945de267e23083-launcher:434678:435538 [3] NCCL INFO comm 0xef0d8110 rank 3 nranks 6 cudaDev 3 nvmlDev 3 busId c4000 commId 0x793e23797b3742d9 - Init COMPLETE
ts-8b1d8071943f9ab001945de267e23083-launcher:434680:435540 [5] NCCL INFO comm 0xecc0e200 rank 5 nranks 6 cudaDev 5 nvmlDev 5 busId dd000 commId 0x793e23797b3742d9 - Init COMPLETE
ts-8b1d8071943f9ab001945de267e23083-launcher:434676:435537 [1] NCCL INFO comm 0xf1e795a0 rank 1 nranks 6 cudaDev 1 nvmlDev 1 busId 62000 commId 0x793e23797b3742d9 - Init COMPLETE
                                                {'loss': 10.7111, 'grad_norm': 1.584091067314148, 'learning_rate': 9.851888288072053e-05, 'epoch': 0.17}
 17%|█▋        | 20/115 [02:16<10:19,  6.53s/it] 18%|█▊        | 21/115 [02:23<11:40,  7.45s/it] 19%|█▉        | 22/115 [02:29<11:07,  7.17s/it] 20%|██        | 23/115 [02:36<10:42,  6.98s/it] 21%|██        | 24/115 [02:42<10:24,  6.86s/it] 22%|██▏       | 25/115 [02:49<10:08,  6.76s/it] 23%|██▎       | 26/115 [02:55<09:55,  6.69s/it] 23%|██▎       | 27/115 [03:02<09:44,  6.64s/it] 24%|██▍       | 28/115 [03:08<09:34,  6.61s/it] 25%|██▌       | 29/115 [03:15<09:26,  6.58s/it] 26%|██▌       | 30/115 [03:21<09:17,  6.56s/it] 27%|██▋       | 31/115 [03:28<09:10,  6.55s/it] 28%|██▊       | 32/115 [03:34<09:03,  6.54s/it] 29%|██▊       | 33/115 [03:41<08:56,  6.54s/it] 30%|██▉       | 34/115 [03:47<08:49,  6.54s/it] 30%|███       | 35/115 [03:54<08:42,  6.54s/it] 31%|███▏      | 36/115 [04:01<08:36,  6.54s/it] 32%|███▏      | 37/115 [04:07<08:29,  6.53s/it] 33%|███▎      | 38/115 [04:14<08:22,  6.53s/it] 34%|███▍      | 39/115 [04:20<08:16,  6.53s/it] 35%|███▍      | 40/115 [04:27<08:09,  6.53s/it]                                                {'loss': 8.498, 'grad_norm': 0.5476922392845154, 'learning_rate': 8.284768815411692e-05, 'epoch': 0.35}
 35%|███▍      | 40/115 [04:27<08:09,  6.53s/it] 36%|███▌      | 41/115 [04:33<08:03,  6.53s/it] 37%|███▋      | 42/115 [04:40<07:57,  6.54s/it] 37%|███▋      | 43/115 [04:46<07:50,  6.53s/it] 38%|███▊      | 44/115 [04:53<07:43,  6.53s/it] 39%|███▉      | 45/115 [04:59<07:37,  6.54s/it] 40%|████      | 46/115 [05:06<07:31,  6.54s/it] 41%|████      | 47/115 [05:12<07:24,  6.54s/it] 42%|████▏     | 48/115 [05:19<07:18,  6.54s/it] 43%|████▎     | 49/115 [05:25<07:11,  6.54s/it] 43%|████▎     | 50/115 [05:32<07:05,  6.54s/it] 44%|████▍     | 51/115 [05:39<06:58,  6.54s/it] 45%|████▌     | 52/115 [05:45<06:52,  6.55s/it] 46%|████▌     | 53/115 [05:52<06:46,  6.55s/it] 47%|████▋     | 54/115 [05:58<06:39,  6.55s/it] 48%|████▊     | 55/115 [06:05<06:32,  6.55s/it] 49%|████▊     | 56/115 [06:11<06:26,  6.55s/it] 50%|████▉     | 57/115 [06:18<06:19,  6.55s/it] 50%|█████     | 58/115 [06:24<06:13,  6.54s/it] 51%|█████▏    | 59/115 [06:31<06:06,  6.54s/it] 52%|█████▏    | 60/115 [06:38<06:00,  6.55s/it]                                                {'loss': 7.8436, 'grad_norm': 0.15487881004810333, 'learning_rate': 5.532752499699381e-05, 'epoch': 0.52}
 52%|█████▏    | 60/115 [06:38<06:00,  6.55s/it] 53%|█████▎    | 61/115 [06:44<05:53,  6.55s/it] 54%|█████▍    | 62/115 [06:51<05:47,  6.55s/it] 55%|█████▍    | 63/115 [06:57<05:40,  6.55s/it] 56%|█████▌    | 64/115 [07:04<05:34,  6.55s/it] 57%|█████▋    | 65/115 [07:10<05:27,  6.55s/it] 57%|█████▋    | 66/115 [07:17<05:20,  6.54s/it] 58%|█████▊    | 67/115 [07:23<05:14,  6.55s/it] 59%|█████▉    | 68/115 [07:30<05:08,  6.55s/it] 60%|██████    | 69/115 [07:36<05:01,  6.56s/it] 61%|██████    | 70/115 [07:43<04:55,  6.56s/it] 62%|██████▏   | 71/115 [07:50<04:48,  6.56s/it] 63%|██████▎   | 72/115 [07:56<04:42,  6.56s/it] 63%|██████▎   | 73/115 [08:03<04:35,  6.56s/it] 64%|██████▍   | 74/115 [08:09<04:28,  6.55s/it] 65%|██████▌   | 75/115 [08:16<04:21,  6.55s/it] 66%|██████▌   | 76/115 [08:22<04:15,  6.55s/it] 67%|██████▋   | 77/115 [08:29<04:08,  6.55s/it] 68%|██████▊   | 78/115 [08:35<04:02,  6.55s/it] 69%|██████▊   | 79/115 [08:42<03:57,  6.60s/it] 70%|██████▉   | 80/115 [08:49<03:52,  6.64s/it]                                                {'loss': 7.7542, 'grad_norm': 0.13645663857460022, 'learning_rate': 2.588559263632719e-05, 'epoch': 0.69}
 70%|██████▉   | 80/115 [08:49<03:52,  6.64s/it] 70%|███████   | 81/115 [08:55<03:45,  6.62s/it] 71%|███████▏  | 82/115 [09:02<03:37,  6.60s/it] 72%|███████▏  | 83/115 [09:09<03:30,  6.58s/it] 73%|███████▎  | 84/115 [09:15<03:23,  6.57s/it] 74%|███████▍  | 85/115 [09:22<03:16,  6.56s/it] 75%|███████▍  | 86/115 [09:28<03:10,  6.56s/it] 76%|███████▌  | 87/115 [09:35<03:03,  6.56s/it] 77%|███████▋  | 88/115 [09:41<02:57,  6.56s/it] 77%|███████▋  | 89/115 [09:48<02:50,  6.56s/it] 78%|███████▊  | 90/115 [09:54<02:43,  6.56s/it] 79%|███████▉  | 91/115 [10:01<02:37,  6.55s/it] 80%|████████  | 92/115 [10:08<02:30,  6.55s/it] 81%|████████  | 93/115 [10:14<02:24,  6.55s/it] 82%|████████▏ | 94/115 [10:21<02:17,  6.55s/it] 83%|████████▎ | 95/115 [10:27<02:10,  6.55s/it] 83%|████████▎ | 96/115 [10:34<02:04,  6.55s/it] 84%|████████▍ | 97/115 [10:40<01:58,  6.56s/it] 85%|████████▌ | 98/115 [10:47<01:51,  6.56s/it] 86%|████████▌ | 99/115 [10:53<01:44,  6.56s/it] 87%|████████▋ | 100/115 [11:00<01:38,  6.59s/it]                                                 {'loss': 7.6913, 'grad_norm': 0.14501729607582092, 'learning_rate': 5.1423196830513e-06, 'epoch': 0.87}
 87%|████████▋ | 100/115 [11:00<01:38,  6.59s/it] 88%|████████▊ | 101/115 [11:07<01:32,  6.58s/it] 89%|████████▊ | 102/115 [11:13<01:25,  6.57s/it] 90%|████████▉ | 103/115 [11:20<01:18,  6.57s/it] 90%|█████████ | 104/115 [11:26<01:12,  6.56s/it] 91%|█████████▏| 105/115 [11:33<01:05,  6.56s/it] 92%|█████████▏| 106/115 [11:39<00:59,  6.56s/it] 93%|█████████▎| 107/115 [11:46<00:52,  6.56s/it] 94%|█████████▍| 108/115 [11:53<00:45,  6.56s/it] 95%|█████████▍| 109/115 [11:59<00:39,  6.56s/it] 96%|█████████▌| 110/115 [12:06<00:32,  6.56s/it] 97%|█████████▋| 111/115 [12:12<00:26,  6.55s/it] 97%|█████████▋| 112/115 [12:19<00:19,  6.55s/it] 98%|█████████▊| 113/115 [12:25<00:13,  6.55s/it] 99%|█████████▉| 114/115 [12:32<00:06,  6.55s/it]100%|██████████| 115/115 [12:38<00:00,  6.56s/it]/usr/local/python/lib/python3.8/site-packages/torch/nn/modules/module.py:1898: UserWarning: Positional args are being deprecated, use kwargs instead. Refer to https://pytorch.org/docs/master/generated/torch.nn.Module.html#torch.nn.Module.state_dict for details.
  warnings.warn(
/usr/local/python/lib/python3.8/site-packages/torch/nn/modules/module.py:1898: UserWarning: Positional args are being deprecated, use kwargs instead. Refer to https://pytorch.org/docs/master/generated/torch.nn.Module.html#torch.nn.Module.state_dict for details.
  warnings.warn(
/usr/local/python/lib/python3.8/site-packages/torch/nn/modules/module.py:1898: UserWarning: Positional args are being deprecated, use kwargs instead. Refer to https://pytorch.org/docs/master/generated/torch.nn.Module.html#torch.nn.Module.state_dict for details.
  warnings.warn(
/usr/local/python/lib/python3.8/site-packages/torch/nn/modules/module.py:1898: UserWarning: Positional args are being deprecated, use kwargs instead. Refer to https://pytorch.org/docs/master/generated/torch.nn.Module.html#torch.nn.Module.state_dict for details.
  warnings.warn(
/usr/local/python/lib/python3.8/site-packages/torch/nn/modules/module.py:1898: UserWarning: Positional args are being deprecated, use kwargs instead. Refer to https://pytorch.org/docs/master/generated/torch.nn.Module.html#torch.nn.Module.state_dict for details.
  warnings.warn(
/usr/local/python/lib/python3.8/site-packages/torch/nn/modules/module.py:1898: UserWarning: Positional args are being deprecated, use kwargs instead. Refer to https://pytorch.org/docs/master/generated/torch.nn.Module.html#torch.nn.Module.state_dict for details.
  warnings.warn(
                                                 {'train_runtime': 770.4414, 'train_samples_per_second': 172.37, 'train_steps_per_second': 0.149, 'train_loss': 8.391056359332541, 'epoch': 1.0}
100%|██████████| 115/115 [12:50<00:00,  6.56s/it]100%|██████████| 115/115 [12:50<00:00,  6.70s/it]
Figure saved at: results/pt2/training_loss.png
Figure saved at: results/pt2/training_loss.png
Figure saved at: results/pt2/training_loss.png
Figure saved at: results/pt2/training_loss.png
Figure saved at: results/pt2/training_loss.png
Figure saved at: results/pt2/training_loss.png
