nohup: ignoring input
[2025-01-17 10:17:49,727] [INFO] [real_accelerator.py:191:get_accelerator] Setting ds_accelerator to cuda (auto detect)
W0117 10:17:52.497955 140285794424640 torch/distributed/run.py:757] 
W0117 10:17:52.497955 140285794424640 torch/distributed/run.py:757] *****************************************
W0117 10:17:52.497955 140285794424640 torch/distributed/run.py:757] Setting OMP_NUM_THREADS environment variable for each process to be 1 in default, to avoid your system being overloaded, please further tune the variable for optimal performance in your application as needed. 
W0117 10:17:52.497955 140285794424640 torch/distributed/run.py:757] *****************************************
Map (num_proc=16):   0%|          | 0/94201 [00:00<?, ? examples/s]Map (num_proc=16):   0%|          | 0/94201 [00:00<?, ? examples/s]Map (num_proc=16):   0%|          | 0/94201 [00:00<?, ? examples/s]Map (num_proc=16):   0%|          | 0/94201 [00:00<?, ? examples/s]Map (num_proc=16):   0%|          | 0/94201 [00:00<?, ? examples/s]Map (num_proc=16):   0%|          | 0/94201 [00:00<?, ? examples/s]Map (num_proc=16):   5%|▌         | 5000/94201 [00:15<04:41, 317.04 examples/s]Map (num_proc=16):  11%|█         | 10000/94201 [00:16<01:53, 742.05 examples/s]Map (num_proc=16):  21%|██        | 20000/94201 [00:16<00:38, 1911.63 examples/s]Map (num_proc=16):   5%|▌         | 5000/94201 [00:16<04:56, 300.65 examples/s]Map (num_proc=16):  32%|███▏      | 30000/94201 [00:16<00:18, 3496.49 examples/s]Map (num_proc=16):   5%|▌         | 5000/94201 [00:16<04:59, 297.67 examples/s]Map (num_proc=16):  38%|███▊      | 35887/94201 [00:18<00:17, 3374.93 examples/s]Map (num_proc=16):  11%|█         | 10000/94201 [00:18<02:17, 610.51 examples/s]Map (num_proc=16):   5%|▌         | 5000/94201 [00:19<05:41, 261.20 examples/s]Map (num_proc=16):   5%|▌         | 5000/94201 [00:19<05:42, 260.60 examples/s]Map (num_proc=16):   5%|▌         | 5000/94201 [00:19<05:42, 260.69 examples/s]Map (num_proc=16):  11%|█         | 10000/94201 [00:19<02:14, 626.46 examples/s]Map (num_proc=16):  11%|█         | 10000/94201 [00:19<02:14, 626.97 examples/s]Map (num_proc=16):  11%|█         | 10000/94201 [00:19<02:14, 625.34 examples/s]Map (num_proc=16):  16%|█▌        | 15000/94201 [00:19<01:09, 1139.17 examples/s]Map (num_proc=16):  12%|█▏        | 10888/94201 [00:19<02:05, 663.79 examples/s]Map (num_proc=16):  11%|█         | 10000/94201 [00:19<02:22, 589.52 examples/s]Map (num_proc=16):  41%|████      | 38551/94201 [00:19<00:16, 3297.03 examples/s]Map (num_proc=16):  21%|██        | 20000/94201 [00:19<00:40, 1854.47 examples/s]Map (num_proc=16):  21%|██        | 20000/94201 [00:19<00:45, 1625.10 examples/s]Map (num_proc=16):  37%|███▋      | 35000/94201 [00:19<00:12, 4872.64 examples/s]Map (num_proc=16):  32%|███▏      | 30000/94201 [00:19<00:24, 2633.57 examples/s]Map (num_proc=16):  16%|█▌        | 15000/94201 [00:19<01:14, 1061.16 examples/s]Map (num_proc=16):  22%|██▏       | 20888/94201 [00:19<00:37, 1980.58 examples/s]Map (num_proc=16):  27%|██▋       | 25000/94201 [00:19<00:30, 2288.30 examples/s]Map (num_proc=16):  27%|██▋       | 25000/94201 [00:19<00:28, 2392.93 examples/s]Map (num_proc=16):  43%|████▎     | 40327/94201 [00:19<00:15, 3450.90 examples/s]Map (num_proc=16):  33%|███▎      | 30888/94201 [00:19<00:17, 3705.00 examples/s]Map (num_proc=16):  32%|███▏      | 30000/94201 [00:20<00:19, 3248.56 examples/s]Map (num_proc=16):  48%|████▊     | 45000/94201 [00:20<00:07, 6809.17 examples/s]Map (num_proc=16):  33%|███▎      | 30888/94201 [00:22<00:28, 2240.69 examples/s]Map (num_proc=16):  43%|████▎     | 40887/94201 [00:22<00:18, 2927.46 examples/s]Map (num_proc=16):  47%|████▋     | 44438/94201 [00:22<00:14, 3336.47 examples/s]Map (num_proc=16):  49%|████▉     | 46215/94201 [00:23<00:18, 2583.42 examples/s]Map (num_proc=16):  36%|███▌      | 33551/94201 [00:23<00:25, 2384.17 examples/s]Map (num_proc=16):  40%|███▉      | 37664/94201 [00:23<00:20, 2818.48 examples/s]Map (num_proc=16):  54%|█████▍    | 51214/94201 [00:23<00:10, 4202.71 examples/s]Map (num_proc=16):  54%|█████▍    | 51215/94201 [00:23<00:12, 3534.97 examples/s]Map (num_proc=16):  50%|█████     | 47102/94201 [00:23<00:13, 3547.88 examples/s]Map (num_proc=16):  36%|███▌      | 33551/94201 [00:23<00:25, 2347.40 examples/s]Map (num_proc=16):  46%|████▌     | 43551/94201 [00:23<00:12, 3908.63 examples/s]Map (num_proc=16):  42%|████▏     | 39439/94201 [00:23<00:16, 3339.49 examples/s]Map (num_proc=16):  66%|██████▌   | 62101/94201 [00:23<00:05, 6378.07 examples/s]Map (num_proc=16):  37%|███▋      | 35325/94201 [00:23<00:23, 2555.00 examples/s]Map (num_proc=16):  60%|█████▉    | 56215/94201 [00:23<00:08, 4351.77 examples/s]Map (num_proc=16):  65%|██████▍   | 61215/94201 [00:24<00:06, 5377.41 examples/s]Map (num_proc=16):  52%|█████▏    | 49438/94201 [00:24<00:10, 4422.82 examples/s]Map (num_proc=16):  59%|█████▊    | 55325/94201 [00:24<00:06, 6091.67 examples/s]Map (num_proc=16):  70%|███████   | 66215/94201 [00:24<00:03, 7212.14 examples/s]Map (num_proc=16):  86%|████████▌ | 81215/94201 [00:24<00:00, 15644.77 examples/s]Map (num_proc=16):  64%|██████▍   | 60325/94201 [00:24<00:04, 7493.18 examples/s]Map (num_proc=16):  55%|█████▌    | 52102/94201 [00:24<00:11, 3525.51 examples/s]Map (num_proc=16):  69%|██████▉   | 65325/94201 [00:24<00:03, 9337.14 examples/s]Map (num_proc=16):  43%|████▎     | 40325/94201 [00:24<00:17, 3016.87 examples/s]Map (num_proc=16):  72%|███████▏  | 67989/94201 [00:25<00:04, 5700.97 examples/s]Map (num_proc=16):  75%|███████▍  | 70325/94201 [00:25<00:02, 10367.29 examples/s]Map (num_proc=16):  53%|█████▎    | 50327/94201 [00:25<00:10, 4268.78 examples/s]Map (num_proc=16):  80%|███████▉  | 75325/94201 [00:25<00:01, 13300.13 examples/s]Map (num_proc=16):  61%|██████    | 57102/94201 [00:25<00:08, 4164.43 examples/s]Map (num_proc=16):  48%|████▊     | 45325/94201 [00:25<00:12, 3815.93 examples/s]Map (num_proc=16):  59%|█████▊    | 55327/94201 [00:25<00:07, 5001.71 examples/s]Map (num_proc=16):  71%|███████   | 67102/94201 [00:25<00:03, 6784.92 examples/s]Map (num_proc=16):  53%|█████▎    | 50325/94201 [00:25<00:08, 5122.38 examples/s]Map (num_proc=16):  64%|██████▍   | 60327/94201 [00:25<00:05, 6364.89 examples/s]Map (num_proc=16):  77%|███████▋  | 72989/94201 [00:25<00:03, 5556.74 examples/s]Map (num_proc=16):  85%|████████▌ | 80325/94201 [00:26<00:01, 10646.78 examples/s]Map (num_proc=16):  69%|██████▉   | 65327/94201 [00:26<00:03, 8005.14 examples/s]Map (num_proc=16):  84%|████████▎ | 78877/94201 [00:26<00:02, 7002.62 examples/s]Map (num_proc=16):  77%|███████▋  | 72102/94201 [00:26<00:03, 7131.00 examples/s]Map (num_proc=16):  92%|█████████▏| 87103/94201 [00:26<00:00, 8391.59 examples/s] Map (num_proc=16):  89%|████████▉ | 83877/94201 [00:26<00:01, 8664.20 examples/s]Map (num_proc=16):  92%|█████████▏| 87099/94201 [00:26<00:00, 11143.80 examples/s]Map (num_proc=16):  82%|████████▏ | 77102/94201 [00:26<00:02, 8272.55 examples/s]Map (num_proc=16):  75%|███████▍  | 70327/94201 [00:26<00:02, 7969.94 examples/s]Map (num_proc=16):  59%|█████▊    | 55325/94201 [00:26<00:07, 5317.08 examples/s]Map (num_proc=16):  81%|████████  | 76214/94201 [00:26<00:01, 10812.62 examples/s]Map (num_proc=16):  86%|████████▌ | 81214/94201 [00:26<00:00, 13331.23 examples/s]Map (num_proc=16):  75%|███████▍  | 70325/94201 [00:27<00:02, 11337.87 examples/s]Map (num_proc=16):  92%|█████████▏| 87101/94201 [00:27<00:00, 16532.60 examples/s]Map (num_proc=16):  95%|█████████▌| 89765/94201 [00:27<00:00, 8282.70 examples/s]Map (num_proc=16):  87%|████████▋ | 82102/94201 [00:27<00:01, 8540.84 examples/s]Map (num_proc=16):  91%|█████████ | 85325/94201 [00:27<00:00, 17484.65 examples/s]Map (num_proc=16):  97%|█████████▋| 91540/94201 [00:27<00:00, 6559.63 examples/s]Map (num_proc=16):  95%|█████████▌| 89762/94201 [00:27<00:00, 7056.94 examples/s] Map (num_proc=16):  93%|█████████▎| 87989/94201 [00:27<00:00, 8409.51 examples/s]Map (num_proc=16):  97%|█████████▋| 91538/94201 [00:28<00:00, 5143.61 examples/s]Map (num_proc=16): 100%|██████████| 94201/94201 [00:28<00:00, 3259.16 examples/s]
Map (num_proc=16):  95%|█████████▌| 89764/94201 [00:29<00:00, 5435.50 examples/s]Map (num_proc=16):  96%|█████████▌| 90651/94201 [00:29<00:00, 5887.45 examples/s] Map (num_proc=16):  96%|█████████▌| 90651/94201 [00:29<00:00, 5557.43 examples/s]Map (num_proc=16):  99%|█████████▉| 93314/94201 [00:29<00:00, 4555.26 examples/s]Map (num_proc=16):  98%|█████████▊| 92427/94201 [00:29<00:00, 4396.71 examples/s]Map (num_proc=16):  98%|█████████▊| 92426/94201 [00:29<00:00, 5785.12 examples/s]Map (num_proc=16): 100%|██████████| 94201/94201 [00:29<00:00, 4205.61 examples/s]Map (num_proc=16): 100%|██████████| 94201/94201 [00:29<00:00, 3174.67 examples/s]
Map (num_proc=16):  94%|█████████▍| 88874/94201 [00:29<00:00, 7069.26 examples/s] [2025-01-17 10:19:08,629] [INFO] [real_accelerator.py:191:get_accelerator] Setting ds_accelerator to cuda (auto detect)
Map (num_proc=16):  97%|█████████▋| 91537/94201 [00:30<00:00, 7392.33 examples/s]Map (num_proc=16):  99%|█████████▉| 93314/94201 [00:30<00:00, 4851.55 examples/s][2025-01-17 10:19:08,944] [INFO] [comm.py:637:init_distributed] cdb=None
Map (num_proc=16): 100%|██████████| 94201/94201 [00:30<00:00, 7054.61 examples/s]Map (num_proc=16): 100%|██████████| 94201/94201 [00:30<00:00, 3081.22 examples/s]
Map (num_proc=16):  99%|█████████▉| 93314/94201 [00:30<00:00, 3413.21 examples/s]Map (num_proc=16): 100%|██████████| 94201/94201 [00:30<00:00, 3426.96 examples/s]Map (num_proc=16): 100%|██████████| 94201/94201 [00:30<00:00, 3076.00 examples/s]
Map (num_proc=16): 100%|██████████| 94201/94201 [00:30<00:00, 3067.58 examples/s]
Map (num_proc=16): 100%|██████████| 94201/94201 [00:30<00:00, 3061.55 examples/s]
[2025-01-17 10:19:09,690] [INFO] [real_accelerator.py:191:get_accelerator] Setting ds_accelerator to cuda (auto detect)
[2025-01-17 10:19:10,135] [INFO] [comm.py:637:init_distributed] cdb=None
[2025-01-17 10:19:11,358] [INFO] [real_accelerator.py:191:get_accelerator] Setting ds_accelerator to cuda (auto detect)
[2025-01-17 10:19:11,363] [INFO] [real_accelerator.py:191:get_accelerator] Setting ds_accelerator to cuda (auto detect)
[2025-01-17 10:19:11,365] [INFO] [real_accelerator.py:191:get_accelerator] Setting ds_accelerator to cuda (auto detect)
[2025-01-17 10:19:11,385] [INFO] [real_accelerator.py:191:get_accelerator] Setting ds_accelerator to cuda (auto detect)
[2025-01-17 10:19:11,677] [INFO] [comm.py:637:init_distributed] cdb=None
[2025-01-17 10:19:11,680] [INFO] [comm.py:637:init_distributed] cdb=None
[2025-01-17 10:19:11,682] [INFO] [comm.py:637:init_distributed] cdb=None
[2025-01-17 10:19:11,767] [INFO] [comm.py:637:init_distributed] cdb=None
[2025-01-17 10:19:11,767] [INFO] [comm.py:668:init_distributed] Initializing TorchBackend in DeepSpeed with backend nccl
Detected kernel version 5.4.203, which is below the recommended minimum of 5.5.0; this can cause the process to hang. It is recommended to upgrade the kernel to the minimum version or higher.
ts-8b1d8071943f9ab001945de267e23083-launcher:434675:434675 [0] NCCL INFO Bootstrap : Using eth1:11.234.49.10<0>
ts-8b1d8071943f9ab001945de267e23083-launcher:434675:434675 [0] NCCL INFO NET/Plugin : dlerror=libnccl-net.so: cannot open shared object file: No such file or directory No plugin found (libnccl-net.so), using internal implementation
ts-8b1d8071943f9ab001945de267e23083-launcher:434675:434675 [0] NCCL INFO cudaDriverVersion 12000
NCCL version 2.20.5+cuda11.0
ts-8b1d8071943f9ab001945de267e23083-launcher:434676:434676 [1] NCCL INFO cudaDriverVersion 12000
ts-8b1d8071943f9ab001945de267e23083-launcher:434676:434676 [1] NCCL INFO Bootstrap : Using eth1:11.234.49.10<0>
ts-8b1d8071943f9ab001945de267e23083-launcher:434676:434676 [1] NCCL INFO NET/Plugin : dlerror=libnccl-net.so: cannot open shared object file: No such file or directory No plugin found (libnccl-net.so), using internal implementation
ts-8b1d8071943f9ab001945de267e23083-launcher:434680:434680 [5] NCCL INFO cudaDriverVersion 12000
ts-8b1d8071943f9ab001945de267e23083-launcher:434680:434680 [5] NCCL INFO Bootstrap : Using eth1:11.234.49.10<0>
ts-8b1d8071943f9ab001945de267e23083-launcher:434680:434680 [5] NCCL INFO NET/Plugin : dlerror=libnccl-net.so: cannot open shared object file: No such file or directory No plugin found (libnccl-net.so), using internal implementation
ts-8b1d8071943f9ab001945de267e23083-launcher:434677:434677 [2] NCCL INFO cudaDriverVersion 12000
ts-8b1d8071943f9ab001945de267e23083-launcher:434677:434677 [2] NCCL INFO Bootstrap : Using eth1:11.234.49.10<0>
ts-8b1d8071943f9ab001945de267e23083-launcher:434677:434677 [2] NCCL INFO NET/Plugin : dlerror=libnccl-net.so: cannot open shared object file: No such file or directory No plugin found (libnccl-net.so), using internal implementation
ts-8b1d8071943f9ab001945de267e23083-launcher:434678:434678 [3] NCCL INFO cudaDriverVersion 12000
ts-8b1d8071943f9ab001945de267e23083-launcher:434678:434678 [3] NCCL INFO Bootstrap : Using eth1:11.234.49.10<0>
ts-8b1d8071943f9ab001945de267e23083-launcher:434679:434679 [4] NCCL INFO cudaDriverVersion 12000
ts-8b1d8071943f9ab001945de267e23083-launcher:434678:434678 [3] NCCL INFO NET/Plugin : dlerror=libnccl-net.so: cannot open shared object file: No such file or directory No plugin found (libnccl-net.so), using internal implementation
ts-8b1d8071943f9ab001945de267e23083-launcher:434679:434679 [4] NCCL INFO Bootstrap : Using eth1:11.234.49.10<0>
ts-8b1d8071943f9ab001945de267e23083-launcher:434679:434679 [4] NCCL INFO NET/Plugin : dlerror=libnccl-net.so: cannot open shared object file: No such file or directory No plugin found (libnccl-net.so), using internal implementation
ts-8b1d8071943f9ab001945de267e23083-launcher:434676:435304 [1] NCCL INFO NET/IB : No device found.
ts-8b1d8071943f9ab001945de267e23083-launcher:434676:435304 [1] NCCL INFO NET/Socket : Using [0]eth1:11.234.49.10<0>
ts-8b1d8071943f9ab001945de267e23083-launcher:434676:435304 [1] NCCL INFO Using non-device net plugin version 0
ts-8b1d8071943f9ab001945de267e23083-launcher:434676:435304 [1] NCCL INFO Using network Socket
ts-8b1d8071943f9ab001945de267e23083-launcher:434675:435305 [0] NCCL INFO NET/IB : No device found.
ts-8b1d8071943f9ab001945de267e23083-launcher:434675:435305 [0] NCCL INFO NET/Socket : Using [0]eth1:11.234.49.10<0>
ts-8b1d8071943f9ab001945de267e23083-launcher:434675:435305 [0] NCCL INFO Using non-device net plugin version 0
ts-8b1d8071943f9ab001945de267e23083-launcher:434675:435305 [0] NCCL INFO Using network Socket
ts-8b1d8071943f9ab001945de267e23083-launcher:434678:435306 [3] NCCL INFO NET/IB : No device found.
ts-8b1d8071943f9ab001945de267e23083-launcher:434678:435306 [3] NCCL INFO NET/Socket : Using [0]eth1:11.234.49.10<0>
ts-8b1d8071943f9ab001945de267e23083-launcher:434678:435306 [3] NCCL INFO Using non-device net plugin version 0
ts-8b1d8071943f9ab001945de267e23083-launcher:434678:435306 [3] NCCL INFO Using network Socket
ts-8b1d8071943f9ab001945de267e23083-launcher:434680:435307 [5] NCCL INFO NET/IB : No device found.
ts-8b1d8071943f9ab001945de267e23083-launcher:434680:435307 [5] NCCL INFO NET/Socket : Using [0]eth1:11.234.49.10<0>
ts-8b1d8071943f9ab001945de267e23083-launcher:434680:435307 [5] NCCL INFO Using non-device net plugin version 0
ts-8b1d8071943f9ab001945de267e23083-launcher:434680:435307 [5] NCCL INFO Using network Socket
ts-8b1d8071943f9ab001945de267e23083-launcher:434679:435308 [4] NCCL INFO NET/IB : No device found.
ts-8b1d8071943f9ab001945de267e23083-launcher:434679:435308 [4] NCCL INFO NET/Socket : Using [0]eth1:11.234.49.10<0>
ts-8b1d8071943f9ab001945de267e23083-launcher:434679:435308 [4] NCCL INFO Using non-device net plugin version 0
ts-8b1d8071943f9ab001945de267e23083-launcher:434679:435308 [4] NCCL INFO Using network Socket
ts-8b1d8071943f9ab001945de267e23083-launcher:434677:435309 [2] NCCL INFO NET/IB : No device found.
ts-8b1d8071943f9ab001945de267e23083-launcher:434677:435309 [2] NCCL INFO NET/Socket : Using [0]eth1:11.234.49.10<0>
ts-8b1d8071943f9ab001945de267e23083-launcher:434677:435309 [2] NCCL INFO Using non-device net plugin version 0
ts-8b1d8071943f9ab001945de267e23083-launcher:434677:435309 [2] NCCL INFO Using network Socket
ts-8b1d8071943f9ab001945de267e23083-launcher:434677:435309 [2] NCCL INFO comm 0xfa40ec0 rank 2 nranks 6 cudaDev 2 nvmlDev 2 busId 85000 commId 0x811072dd1d7135e3 - Init START
ts-8b1d8071943f9ab001945de267e23083-launcher:434676:435304 [1] NCCL INFO comm 0x9d50f20 rank 1 nranks 6 cudaDev 1 nvmlDev 1 busId 62000 commId 0x811072dd1d7135e3 - Init START
ts-8b1d8071943f9ab001945de267e23083-launcher:434678:435306 [3] NCCL INFO comm 0xd7ccbe0 rank 3 nranks 6 cudaDev 3 nvmlDev 3 busId c4000 commId 0x811072dd1d7135e3 - Init START
ts-8b1d8071943f9ab001945de267e23083-launcher:434675:435305 [0] NCCL INFO comm 0xa0650f0 rank 0 nranks 6 cudaDev 0 nvmlDev 0 busId 56000 commId 0x811072dd1d7135e3 - Init START
ts-8b1d8071943f9ab001945de267e23083-launcher:434679:435308 [4] NCCL INFO comm 0x9586e60 rank 4 nranks 6 cudaDev 4 nvmlDev 4 busId d0000 commId 0x811072dd1d7135e3 - Init START
ts-8b1d8071943f9ab001945de267e23083-launcher:434680:435307 [5] NCCL INFO comm 0xa68c770 rank 5 nranks 6 cudaDev 5 nvmlDev 5 busId dd000 commId 0x811072dd1d7135e3 - Init START
ts-8b1d8071943f9ab001945de267e23083-launcher:434677:435309 [2] NCCL INFO Setting affinity for GPU 2 to ffffffff,ffff0000,00000000,ffffffff,ffff0000,00000000
ts-8b1d8071943f9ab001945de267e23083-launcher:434679:435308 [4] NCCL INFO Setting affinity for GPU 4 to ffffffff,ffff0000,00000000,ffffffff,ffff0000,00000000
ts-8b1d8071943f9ab001945de267e23083-launcher:434680:435307 [5] NCCL INFO Setting affinity for GPU 5 to ffffffff,ffff0000,00000000,ffffffff,ffff0000,00000000
ts-8b1d8071943f9ab001945de267e23083-launcher:434678:435306 [3] NCCL INFO Setting affinity for GPU 3 to ffffffff,ffff0000,00000000,ffffffff,ffff0000,00000000
ts-8b1d8071943f9ab001945de267e23083-launcher:434676:435304 [1] NCCL INFO Setting affinity for GPU 1 to 03ffffe0,00000000,00000000,03ffffe0
ts-8b1d8071943f9ab001945de267e23083-launcher:434675:435305 [0] NCCL INFO Setting affinity for GPU 0 to 03ffffe0,00000000,00000000,03ffffe0
ts-8b1d8071943f9ab001945de267e23083-launcher:434680:435307 [5] NCCL INFO comm 0xa68c770 rank 5 nRanks 6 nNodes 1 localRanks 6 localRank 5 MNNVL 0
ts-8b1d8071943f9ab001945de267e23083-launcher:434675:435305 [0] NCCL INFO comm 0xa0650f0 rank 0 nRanks 6 nNodes 1 localRanks 6 localRank 0 MNNVL 0
ts-8b1d8071943f9ab001945de267e23083-launcher:434679:435308 [4] NCCL INFO comm 0x9586e60 rank 4 nRanks 6 nNodes 1 localRanks 6 localRank 4 MNNVL 0
ts-8b1d8071943f9ab001945de267e23083-launcher:434678:435306 [3] NCCL INFO comm 0xd7ccbe0 rank 3 nRanks 6 nNodes 1 localRanks 6 localRank 3 MNNVL 0
ts-8b1d8071943f9ab001945de267e23083-launcher:434676:435304 [1] NCCL INFO comm 0x9d50f20 rank 1 nRanks 6 nNodes 1 localRanks 6 localRank 1 MNNVL 0
ts-8b1d8071943f9ab001945de267e23083-launcher:434677:435309 [2] NCCL INFO comm 0xfa40ec0 rank 2 nRanks 6 nNodes 1 localRanks 6 localRank 2 MNNVL 0
ts-8b1d8071943f9ab001945de267e23083-launcher:434680:435307 [5] NCCL INFO Trees [0] -1/-1/-1->5->4 [1] -1/-1/-1->5->4 [2] -1/-1/-1->5->4 [3] -1/-1/-1->5->4 [4] -1/-1/-1->5->4 [5] -1/-1/-1->5->4 [6] -1/-1/-1->5->4 [7] -1/-1/-1->5->4 [8] -1/-1/-1->5->4 [9] -1/-1/-1->5->4 [10] -1/-1/-1->5->4 [11] -1/-1/-1->5->4 [12] -1/-1/-1->5->4 [13] -1/-1/-1->5->4 [14] -1/-1/-1->5->4 [15] -1/-1/-1->5->4
ts-8b1d8071943f9ab001945de267e23083-launcher:434680:435307 [5] NCCL INFO P2P Chunksize set to 524288
ts-8b1d8071943f9ab001945de267e23083-launcher:434675:435305 [0] NCCL INFO Channel 00/16 :    0   1   2   3   4   5
ts-8b1d8071943f9ab001945de267e23083-launcher:434675:435305 [0] NCCL INFO Channel 01/16 :    0   1   2   3   4   5
ts-8b1d8071943f9ab001945de267e23083-launcher:434679:435308 [4] NCCL INFO Trees [0] 5/-1/-1->4->3 [1] 5/-1/-1->4->3 [2] 5/-1/-1->4->3 [3] 5/-1/-1->4->3 [4] 5/-1/-1->4->3 [5] 5/-1/-1->4->3 [6] 5/-1/-1->4->3 [7] 5/-1/-1->4->3 [8] 5/-1/-1->4->3 [9] 5/-1/-1->4->3 [10] 5/-1/-1->4->3 [11] 5/-1/-1->4->3 [12] 5/-1/-1->4->3 [13] 5/-1/-1->4->3 [14] 5/-1/-1->4->3 [15] 5/-1/-1->4->3
ts-8b1d8071943f9ab001945de267e23083-launcher:434678:435306 [3] NCCL INFO Trees [0] 4/-1/-1->3->2 [1] 4/-1/-1->3->2 [2] 4/-1/-1->3->2 [3] 4/-1/-1->3->2 [4] 4/-1/-1->3->2 [5] 4/-1/-1->3->2 [6] 4/-1/-1->3->2 [7] 4/-1/-1->3->2 [8] 4/-1/-1->3->2 [9] 4/-1/-1->3->2 [10] 4/-1/-1->3->2 [11] 4/-1/-1->3->2 [12] 4/-1/-1->3->2 [13] 4/-1/-1->3->2 [14] 4/-1/-1->3->2 [15] 4/-1/-1->3->2
ts-8b1d8071943f9ab001945de267e23083-launcher:434678:435306 [3] NCCL INFO P2P Chunksize set to 524288
ts-8b1d8071943f9ab001945de267e23083-launcher:434676:435304 [1] NCCL INFO Trees [0] 2/-1/-1->1->0 [1] 2/-1/-1->1->0 [2] 2/-1/-1->1->0 [3] 2/-1/-1->1->0 [4] 2/-1/-1->1->0 [5] 2/-1/-1->1->0 [6] 2/-1/-1->1->0 [7] 2/-1/-1->1->0 [8] 2/-1/-1->1->0 [9] 2/-1/-1->1->0 [10] 2/-1/-1->1->0 [11] 2/-1/-1->1->0 [12] 2/-1/-1->1->0 [13] 2/-1/-1->1->0 [14] 2/-1/-1->1->0 [15] 2/-1/-1->1->0
ts-8b1d8071943f9ab001945de267e23083-launcher:434676:435304 [1] NCCL INFO P2P Chunksize set to 524288
ts-8b1d8071943f9ab001945de267e23083-launcher:434677:435309 [2] NCCL INFO Trees [0] 3/-1/-1->2->1 [1] 3/-1/-1->2->1 [2] 3/-1/-1->2->1 [3] 3/-1/-1->2->1 [4] 3/-1/-1->2->1 [5] 3/-1/-1->2->1 [6] 3/-1/-1->2->1 [7] 3/-1/-1->2->1 [8] 3/-1/-1->2->1 [9] 3/-1/-1->2->1 [10] 3/-1/-1->2->1 [11] 3/-1/-1->2->1 [12] 3/-1/-1->2->1 [13] 3/-1/-1->2->1 [14] 3/-1/-1->2->1 [15] 3/-1/-1->2->1
ts-8b1d8071943f9ab001945de267e23083-launcher:434677:435309 [2] NCCL INFO P2P Chunksize set to 524288
ts-8b1d8071943f9ab001945de267e23083-launcher:434675:435305 [0] NCCL INFO Channel 02/16 :    0   1   2   3   4   5
ts-8b1d8071943f9ab001945de267e23083-launcher:434675:435305 [0] NCCL INFO Channel 03/16 :    0   1   2   3   4   5
ts-8b1d8071943f9ab001945de267e23083-launcher:434679:435308 [4] NCCL INFO P2P Chunksize set to 524288
ts-8b1d8071943f9ab001945de267e23083-launcher:434675:435305 [0] NCCL INFO Channel 04/16 :    0   1   2   3   4   5
ts-8b1d8071943f9ab001945de267e23083-launcher:434675:435305 [0] NCCL INFO Channel 05/16 :    0   1   2   3   4   5
ts-8b1d8071943f9ab001945de267e23083-launcher:434675:435305 [0] NCCL INFO Channel 06/16 :    0   1   2   3   4   5
ts-8b1d8071943f9ab001945de267e23083-launcher:434675:435305 [0] NCCL INFO Channel 07/16 :    0   1   2   3   4   5
ts-8b1d8071943f9ab001945de267e23083-launcher:434675:435305 [0] NCCL INFO Channel 08/16 :    0   1   2   3   4   5
ts-8b1d8071943f9ab001945de267e23083-launcher:434675:435305 [0] NCCL INFO Channel 09/16 :    0   1   2   3   4   5
ts-8b1d8071943f9ab001945de267e23083-launcher:434675:435305 [0] NCCL INFO Channel 10/16 :    0   1   2   3   4   5
ts-8b1d8071943f9ab001945de267e23083-launcher:434675:435305 [0] NCCL INFO Channel 11/16 :    0   1   2   3   4   5
ts-8b1d8071943f9ab001945de267e23083-launcher:434675:435305 [0] NCCL INFO Channel 12/16 :    0   1   2   3   4   5
ts-8b1d8071943f9ab001945de267e23083-launcher:434675:435305 [0] NCCL INFO Channel 13/16 :    0   1   2   3   4   5
ts-8b1d8071943f9ab001945de267e23083-launcher:434675:435305 [0] NCCL INFO Channel 14/16 :    0   1   2   3   4   5
ts-8b1d8071943f9ab001945de267e23083-launcher:434675:435305 [0] NCCL INFO Channel 15/16 :    0   1   2   3   4   5
ts-8b1d8071943f9ab001945de267e23083-launcher:434675:435305 [0] NCCL INFO Trees [0] 1/-1/-1->0->-1 [1] 1/-1/-1->0->-1 [2] 1/-1/-1->0->-1 [3] 1/-1/-1->0->-1 [4] 1/-1/-1->0->-1 [5] 1/-1/-1->0->-1 [6] 1/-1/-1->0->-1 [7] 1/-1/-1->0->-1 [8] 1/-1/-1->0->-1 [9] 1/-1/-1->0->-1 [10] 1/-1/-1->0->-1 [11] 1/-1/-1->0->-1 [12] 1/-1/-1->0->-1 [13] 1/-1/-1->0->-1 [14] 1/-1/-1->0->-1 [15] 1/-1/-1->0->-1
ts-8b1d8071943f9ab001945de267e23083-launcher:434675:435305 [0] NCCL INFO P2P Chunksize set to 524288
ts-8b1d8071943f9ab001945de267e23083-launcher:434678:435306 [3] NCCL INFO Channel 00/0 : 3[3] -> 4[4] via P2P/IPC
ts-8b1d8071943f9ab001945de267e23083-launcher:434676:435304 [1] NCCL INFO Channel 00/0 : 1[1] -> 2[2] via P2P/IPC
ts-8b1d8071943f9ab001945de267e23083-launcher:434675:435305 [0] NCCL INFO Channel 00/0 : 0[0] -> 1[1] via P2P/IPC
ts-8b1d8071943f9ab001945de267e23083-launcher:434678:435306 [3] NCCL INFO Channel 01/0 : 3[3] -> 4[4] via P2P/IPC
ts-8b1d8071943f9ab001945de267e23083-launcher:434676:435304 [1] NCCL INFO Channel 01/0 : 1[1] -> 2[2] via P2P/IPC
ts-8b1d8071943f9ab001945de267e23083-launcher:434675:435305 [0] NCCL INFO Channel 01/0 : 0[0] -> 1[1] via P2P/IPC
ts-8b1d8071943f9ab001945de267e23083-launcher:434677:435309 [2] NCCL INFO Channel 00/0 : 2[2] -> 3[3] via P2P/IPC
ts-8b1d8071943f9ab001945de267e23083-launcher:434678:435306 [3] NCCL INFO Channel 02/0 : 3[3] -> 4[4] via P2P/IPC
ts-8b1d8071943f9ab001945de267e23083-launcher:434676:435304 [1] NCCL INFO Channel 02/0 : 1[1] -> 2[2] via P2P/IPC
ts-8b1d8071943f9ab001945de267e23083-launcher:434675:435305 [0] NCCL INFO Channel 02/0 : 0[0] -> 1[1] via P2P/IPC
ts-8b1d8071943f9ab001945de267e23083-launcher:434677:435309 [2] NCCL INFO Channel 01/0 : 2[2] -> 3[3] via P2P/IPC
ts-8b1d8071943f9ab001945de267e23083-launcher:434680:435307 [5] NCCL INFO Channel 00/0 : 5[5] -> 0[0] via P2P/IPC
ts-8b1d8071943f9ab001945de267e23083-launcher:434678:435306 [3] NCCL INFO Channel 03/0 : 3[3] -> 4[4] via P2P/IPC
ts-8b1d8071943f9ab001945de267e23083-launcher:434676:435304 [1] NCCL INFO Channel 03/0 : 1[1] -> 2[2] via P2P/IPC
ts-8b1d8071943f9ab001945de267e23083-launcher:434679:435308 [4] NCCL INFO Channel 00/0 : 4[4] -> 5[5] via P2P/IPC
ts-8b1d8071943f9ab001945de267e23083-launcher:434675:435305 [0] NCCL INFO Channel 03/0 : 0[0] -> 1[1] via P2P/IPC
ts-8b1d8071943f9ab001945de267e23083-launcher:434677:435309 [2] NCCL INFO Channel 02/0 : 2[2] -> 3[3] via P2P/IPC
ts-8b1d8071943f9ab001945de267e23083-launcher:434680:435307 [5] NCCL INFO Channel 01/0 : 5[5] -> 0[0] via P2P/IPC
ts-8b1d8071943f9ab001945de267e23083-launcher:434678:435306 [3] NCCL INFO Channel 04/0 : 3[3] -> 4[4] via P2P/IPC
ts-8b1d8071943f9ab001945de267e23083-launcher:434676:435304 [1] NCCL INFO Channel 04/0 : 1[1] -> 2[2] via P2P/IPC
ts-8b1d8071943f9ab001945de267e23083-launcher:434679:435308 [4] NCCL INFO Channel 01/0 : 4[4] -> 5[5] via P2P/IPC
ts-8b1d8071943f9ab001945de267e23083-launcher:434675:435305 [0] NCCL INFO Channel 04/0 : 0[0] -> 1[1] via P2P/IPC
ts-8b1d8071943f9ab001945de267e23083-launcher:434677:435309 [2] NCCL INFO Channel 03/0 : 2[2] -> 3[3] via P2P/IPC
ts-8b1d8071943f9ab001945de267e23083-launcher:434680:435307 [5] NCCL INFO Channel 02/0 : 5[5] -> 0[0] via P2P/IPC
ts-8b1d8071943f9ab001945de267e23083-launcher:434678:435306 [3] NCCL INFO Channel 05/0 : 3[3] -> 4[4] via P2P/IPC
ts-8b1d8071943f9ab001945de267e23083-launcher:434676:435304 [1] NCCL INFO Channel 05/0 : 1[1] -> 2[2] via P2P/IPC
ts-8b1d8071943f9ab001945de267e23083-launcher:434679:435308 [4] NCCL INFO Channel 02/0 : 4[4] -> 5[5] via P2P/IPC
ts-8b1d8071943f9ab001945de267e23083-launcher:434675:435305 [0] NCCL INFO Channel 05/0 : 0[0] -> 1[1] via P2P/IPC
ts-8b1d8071943f9ab001945de267e23083-launcher:434677:435309 [2] NCCL INFO Channel 04/0 : 2[2] -> 3[3] via P2P/IPC
ts-8b1d8071943f9ab001945de267e23083-launcher:434680:435307 [5] NCCL INFO Channel 03/0 : 5[5] -> 0[0] via P2P/IPC
ts-8b1d8071943f9ab001945de267e23083-launcher:434678:435306 [3] NCCL INFO Channel 06/0 : 3[3] -> 4[4] via P2P/IPC
ts-8b1d8071943f9ab001945de267e23083-launcher:434676:435304 [1] NCCL INFO Channel 06/0 : 1[1] -> 2[2] via P2P/IPC
ts-8b1d8071943f9ab001945de267e23083-launcher:434679:435308 [4] NCCL INFO Channel 03/0 : 4[4] -> 5[5] via P2P/IPC
ts-8b1d8071943f9ab001945de267e23083-launcher:434675:435305 [0] NCCL INFO Channel 06/0 : 0[0] -> 1[1] via P2P/IPC
ts-8b1d8071943f9ab001945de267e23083-launcher:434677:435309 [2] NCCL INFO Channel 05/0 : 2[2] -> 3[3] via P2P/IPC
ts-8b1d8071943f9ab001945de267e23083-launcher:434680:435307 [5] NCCL INFO Channel 04/0 : 5[5] -> 0[0] via P2P/IPC
ts-8b1d8071943f9ab001945de267e23083-launcher:434678:435306 [3] NCCL INFO Channel 07/0 : 3[3] -> 4[4] via P2P/IPC
ts-8b1d8071943f9ab001945de267e23083-launcher:434676:435304 [1] NCCL INFO Channel 07/0 : 1[1] -> 2[2] via P2P/IPC
ts-8b1d8071943f9ab001945de267e23083-launcher:434679:435308 [4] NCCL INFO Channel 04/0 : 4[4] -> 5[5] via P2P/IPC
ts-8b1d8071943f9ab001945de267e23083-launcher:434675:435305 [0] NCCL INFO Channel 07/0 : 0[0] -> 1[1] via P2P/IPC
ts-8b1d8071943f9ab001945de267e23083-launcher:434677:435309 [2] NCCL INFO Channel 06/0 : 2[2] -> 3[3] via P2P/IPC
ts-8b1d8071943f9ab001945de267e23083-launcher:434680:435307 [5] NCCL INFO Channel 05/0 : 5[5] -> 0[0] via P2P/IPC
ts-8b1d8071943f9ab001945de267e23083-launcher:434679:435308 [4] NCCL INFO Channel 05/0 : 4[4] -> 5[5] via P2P/IPC
ts-8b1d8071943f9ab001945de267e23083-launcher:434676:435304 [1] NCCL INFO Channel 08/0 : 1[1] -> 2[2] via P2P/IPC
ts-8b1d8071943f9ab001945de267e23083-launcher:434675:435305 [0] NCCL INFO Channel 08/0 : 0[0] -> 1[1] via P2P/IPC
ts-8b1d8071943f9ab001945de267e23083-launcher:434680:435307 [5] NCCL INFO Channel 06/0 : 5[5] -> 0[0] via P2P/IPC
ts-8b1d8071943f9ab001945de267e23083-launcher:434679:435308 [4] NCCL INFO Channel 06/0 : 4[4] -> 5[5] via P2P/IPC
ts-8b1d8071943f9ab001945de267e23083-launcher:434676:435304 [1] NCCL INFO Channel 09/0 : 1[1] -> 2[2] via P2P/IPC
ts-8b1d8071943f9ab001945de267e23083-launcher:434675:435305 [0] NCCL INFO Channel 09/0 : 0[0] -> 1[1] via P2P/IPC
ts-8b1d8071943f9ab001945de267e23083-launcher:434680:435307 [5] NCCL INFO Channel 07/0 : 5[5] -> 0[0] via P2P/IPC
ts-8b1d8071943f9ab001945de267e23083-launcher:434679:435308 [4] NCCL INFO Channel 07/0 : 4[4] -> 5[5] via P2P/IPC
ts-8b1d8071943f9ab001945de267e23083-launcher:434676:435304 [1] NCCL INFO Channel 10/0 : 1[1] -> 2[2] via P2P/IPC
ts-8b1d8071943f9ab001945de267e23083-launcher:434675:435305 [0] NCCL INFO Channel 10/0 : 0[0] -> 1[1] via P2P/IPC
ts-8b1d8071943f9ab001945de267e23083-launcher:434680:435307 [5] NCCL INFO Channel 08/0 : 5[5] -> 0[0] via P2P/IPC
ts-8b1d8071943f9ab001945de267e23083-launcher:434679:435308 [4] NCCL INFO Channel 08/0 : 4[4] -> 5[5] via P2P/IPC
ts-8b1d8071943f9ab001945de267e23083-launcher:434676:435304 [1] NCCL INFO Channel 11/0 : 1[1] -> 2[2] via P2P/IPC
ts-8b1d8071943f9ab001945de267e23083-launcher:434675:435305 [0] NCCL INFO Channel 11/0 : 0[0] -> 1[1] via P2P/IPC
ts-8b1d8071943f9ab001945de267e23083-launcher:434680:435307 [5] NCCL INFO Channel 09/0 : 5[5] -> 0[0] via P2P/IPC
ts-8b1d8071943f9ab001945de267e23083-launcher:434679:435308 [4] NCCL INFO Channel 09/0 : 4[4] -> 5[5] via P2P/IPC
ts-8b1d8071943f9ab001945de267e23083-launcher:434676:435304 [1] NCCL INFO Channel 12/0 : 1[1] -> 2[2] via P2P/IPC
ts-8b1d8071943f9ab001945de267e23083-launcher:434675:435305 [0] NCCL INFO Channel 12/0 : 0[0] -> 1[1] via P2P/IPC
ts-8b1d8071943f9ab001945de267e23083-launcher:434678:435306 [3] NCCL INFO Channel 08/0 : 3[3] -> 4[4] via P2P/IPC
ts-8b1d8071943f9ab001945de267e23083-launcher:434680:435307 [5] NCCL INFO Channel 10/0 : 5[5] -> 0[0] via P2P/IPC
ts-8b1d8071943f9ab001945de267e23083-launcher:434679:435308 [4] NCCL INFO Channel 10/0 : 4[4] -> 5[5] via P2P/IPC
ts-8b1d8071943f9ab001945de267e23083-launcher:434677:435309 [2] NCCL INFO Channel 07/0 : 2[2] -> 3[3] via P2P/IPC
ts-8b1d8071943f9ab001945de267e23083-launcher:434679:435308 [4] NCCL INFO Channel 11/0 : 4[4] -> 5[5] via P2P/IPC
ts-8b1d8071943f9ab001945de267e23083-launcher:434676:435304 [1] NCCL INFO Channel 13/0 : 1[1] -> 2[2] via P2P/IPC
ts-8b1d8071943f9ab001945de267e23083-launcher:434675:435305 [0] NCCL INFO Channel 13/0 : 0[0] -> 1[1] via P2P/IPC
ts-8b1d8071943f9ab001945de267e23083-launcher:434677:435309 [2] NCCL INFO Channel 08/0 : 2[2] -> 3[3] via P2P/IPC
ts-8b1d8071943f9ab001945de267e23083-launcher:434679:435308 [4] NCCL INFO Channel 12/0 : 4[4] -> 5[5] via P2P/IPC
ts-8b1d8071943f9ab001945de267e23083-launcher:434678:435306 [3] NCCL INFO Channel 09/0 : 3[3] -> 4[4] via P2P/IPC
ts-8b1d8071943f9ab001945de267e23083-launcher:434680:435307 [5] NCCL INFO Channel 11/0 : 5[5] -> 0[0] via P2P/IPC
ts-8b1d8071943f9ab001945de267e23083-launcher:434676:435304 [1] NCCL INFO Channel 14/0 : 1[1] -> 2[2] via P2P/IPC
ts-8b1d8071943f9ab001945de267e23083-launcher:434675:435305 [0] NCCL INFO Channel 14/0 : 0[0] -> 1[1] via P2P/IPC
ts-8b1d8071943f9ab001945de267e23083-launcher:434677:435309 [2] NCCL INFO Channel 09/0 : 2[2] -> 3[3] via P2P/IPC
ts-8b1d8071943f9ab001945de267e23083-launcher:434679:435308 [4] NCCL INFO Channel 13/0 : 4[4] -> 5[5] via P2P/IPC
ts-8b1d8071943f9ab001945de267e23083-launcher:434678:435306 [3] NCCL INFO Channel 10/0 : 3[3] -> 4[4] via P2P/IPC
ts-8b1d8071943f9ab001945de267e23083-launcher:434680:435307 [5] NCCL INFO Channel 12/0 : 5[5] -> 0[0] via P2P/IPC
ts-8b1d8071943f9ab001945de267e23083-launcher:434676:435304 [1] NCCL INFO Channel 15/0 : 1[1] -> 2[2] via P2P/IPC
ts-8b1d8071943f9ab001945de267e23083-launcher:434675:435305 [0] NCCL INFO Channel 15/0 : 0[0] -> 1[1] via P2P/IPC
ts-8b1d8071943f9ab001945de267e23083-launcher:434677:435309 [2] NCCL INFO Channel 10/0 : 2[2] -> 3[3] via P2P/IPC
ts-8b1d8071943f9ab001945de267e23083-launcher:434679:435308 [4] NCCL INFO Channel 14/0 : 4[4] -> 5[5] via P2P/IPC
ts-8b1d8071943f9ab001945de267e23083-launcher:434678:435306 [3] NCCL INFO Channel 11/0 : 3[3] -> 4[4] via P2P/IPC
ts-8b1d8071943f9ab001945de267e23083-launcher:434680:435307 [5] NCCL INFO Channel 13/0 : 5[5] -> 0[0] via P2P/IPC
ts-8b1d8071943f9ab001945de267e23083-launcher:434677:435309 [2] NCCL INFO Channel 11/0 : 2[2] -> 3[3] via P2P/IPC
ts-8b1d8071943f9ab001945de267e23083-launcher:434679:435308 [4] NCCL INFO Channel 15/0 : 4[4] -> 5[5] via P2P/IPC
ts-8b1d8071943f9ab001945de267e23083-launcher:434678:435306 [3] NCCL INFO Channel 12/0 : 3[3] -> 4[4] via P2P/IPC
ts-8b1d8071943f9ab001945de267e23083-launcher:434680:435307 [5] NCCL INFO Channel 14/0 : 5[5] -> 0[0] via P2P/IPC
ts-8b1d8071943f9ab001945de267e23083-launcher:434677:435309 [2] NCCL INFO Channel 12/0 : 2[2] -> 3[3] via P2P/IPC
ts-8b1d8071943f9ab001945de267e23083-launcher:434678:435306 [3] NCCL INFO Channel 13/0 : 3[3] -> 4[4] via P2P/IPC
ts-8b1d8071943f9ab001945de267e23083-launcher:434680:435307 [5] NCCL INFO Channel 15/0 : 5[5] -> 0[0] via P2P/IPC
ts-8b1d8071943f9ab001945de267e23083-launcher:434677:435309 [2] NCCL INFO Channel 13/0 : 2[2] -> 3[3] via P2P/IPC
ts-8b1d8071943f9ab001945de267e23083-launcher:434678:435306 [3] NCCL INFO Channel 14/0 : 3[3] -> 4[4] via P2P/IPC
ts-8b1d8071943f9ab001945de267e23083-launcher:434677:435309 [2] NCCL INFO Channel 14/0 : 2[2] -> 3[3] via P2P/IPC
ts-8b1d8071943f9ab001945de267e23083-launcher:434678:435306 [3] NCCL INFO Channel 15/0 : 3[3] -> 4[4] via P2P/IPC
ts-8b1d8071943f9ab001945de267e23083-launcher:434677:435309 [2] NCCL INFO Channel 15/0 : 2[2] -> 3[3] via P2P/IPC
ts-8b1d8071943f9ab001945de267e23083-launcher:434680:435307 [5] NCCL INFO Connected all rings
ts-8b1d8071943f9ab001945de267e23083-launcher:434680:435307 [5] NCCL INFO Channel 00/0 : 5[5] -> 4[4] via P2P/IPC
ts-8b1d8071943f9ab001945de267e23083-launcher:434679:435308 [4] NCCL INFO Connected all rings
ts-8b1d8071943f9ab001945de267e23083-launcher:434680:435307 [5] NCCL INFO Channel 01/0 : 5[5] -> 4[4] via P2P/IPC
ts-8b1d8071943f9ab001945de267e23083-launcher:434678:435306 [3] NCCL INFO Connected all rings
ts-8b1d8071943f9ab001945de267e23083-launcher:434680:435307 [5] NCCL INFO Channel 02/0 : 5[5] -> 4[4] via P2P/IPC
ts-8b1d8071943f9ab001945de267e23083-launcher:434677:435309 [2] NCCL INFO Connected all rings
ts-8b1d8071943f9ab001945de267e23083-launcher:434675:435305 [0] NCCL INFO Connected all rings
ts-8b1d8071943f9ab001945de267e23083-launcher:434676:435304 [1] NCCL INFO Connected all rings
ts-8b1d8071943f9ab001945de267e23083-launcher:434680:435307 [5] NCCL INFO Channel 03/0 : 5[5] -> 4[4] via P2P/IPC
ts-8b1d8071943f9ab001945de267e23083-launcher:434680:435307 [5] NCCL INFO Channel 04/0 : 5[5] -> 4[4] via P2P/IPC
ts-8b1d8071943f9ab001945de267e23083-launcher:434680:435307 [5] NCCL INFO Channel 05/0 : 5[5] -> 4[4] via P2P/IPC
ts-8b1d8071943f9ab001945de267e23083-launcher:434680:435307 [5] NCCL INFO Channel 06/0 : 5[5] -> 4[4] via P2P/IPC
ts-8b1d8071943f9ab001945de267e23083-launcher:434680:435307 [5] NCCL INFO Channel 07/0 : 5[5] -> 4[4] via P2P/IPC
ts-8b1d8071943f9ab001945de267e23083-launcher:434680:435307 [5] NCCL INFO Channel 08/0 : 5[5] -> 4[4] via P2P/IPC
ts-8b1d8071943f9ab001945de267e23083-launcher:434680:435307 [5] NCCL INFO Channel 09/0 : 5[5] -> 4[4] via P2P/IPC
ts-8b1d8071943f9ab001945de267e23083-launcher:434680:435307 [5] NCCL INFO Channel 10/0 : 5[5] -> 4[4] via P2P/IPC
ts-8b1d8071943f9ab001945de267e23083-launcher:434680:435307 [5] NCCL INFO Channel 11/0 : 5[5] -> 4[4] via P2P/IPC
ts-8b1d8071943f9ab001945de267e23083-launcher:434680:435307 [5] NCCL INFO Channel 12/0 : 5[5] -> 4[4] via P2P/IPC
ts-8b1d8071943f9ab001945de267e23083-launcher:434680:435307 [5] NCCL INFO Channel 13/0 : 5[5] -> 4[4] via P2P/IPC
ts-8b1d8071943f9ab001945de267e23083-launcher:434680:435307 [5] NCCL INFO Channel 14/0 : 5[5] -> 4[4] via P2P/IPC
ts-8b1d8071943f9ab001945de267e23083-launcher:434680:435307 [5] NCCL INFO Channel 15/0 : 5[5] -> 4[4] via P2P/IPC
ts-8b1d8071943f9ab001945de267e23083-launcher:434679:435308 [4] NCCL INFO Channel 00/0 : 4[4] -> 3[3] via P2P/IPC
ts-8b1d8071943f9ab001945de267e23083-launcher:434678:435306 [3] NCCL INFO Channel 00/0 : 3[3] -> 2[2] via P2P/IPC
ts-8b1d8071943f9ab001945de267e23083-launcher:434679:435308 [4] NCCL INFO Channel 01/0 : 4[4] -> 3[3] via P2P/IPC
ts-8b1d8071943f9ab001945de267e23083-launcher:434678:435306 [3] NCCL INFO Channel 01/0 : 3[3] -> 2[2] via P2P/IPC
ts-8b1d8071943f9ab001945de267e23083-launcher:434677:435309 [2] NCCL INFO Channel 00/0 : 2[2] -> 1[1] via P2P/IPC
ts-8b1d8071943f9ab001945de267e23083-launcher:434676:435304 [1] NCCL INFO Channel 00/0 : 1[1] -> 0[0] via P2P/IPC
ts-8b1d8071943f9ab001945de267e23083-launcher:434679:435308 [4] NCCL INFO Channel 02/0 : 4[4] -> 3[3] via P2P/IPC
ts-8b1d8071943f9ab001945de267e23083-launcher:434678:435306 [3] NCCL INFO Channel 02/0 : 3[3] -> 2[2] via P2P/IPC
ts-8b1d8071943f9ab001945de267e23083-launcher:434677:435309 [2] NCCL INFO Channel 01/0 : 2[2] -> 1[1] via P2P/IPC
ts-8b1d8071943f9ab001945de267e23083-launcher:434676:435304 [1] NCCL INFO Channel 01/0 : 1[1] -> 0[0] via P2P/IPC
ts-8b1d8071943f9ab001945de267e23083-launcher:434679:435308 [4] NCCL INFO Channel 03/0 : 4[4] -> 3[3] via P2P/IPC
ts-8b1d8071943f9ab001945de267e23083-launcher:434678:435306 [3] NCCL INFO Channel 03/0 : 3[3] -> 2[2] via P2P/IPC
ts-8b1d8071943f9ab001945de267e23083-launcher:434677:435309 [2] NCCL INFO Channel 02/0 : 2[2] -> 1[1] via P2P/IPC
ts-8b1d8071943f9ab001945de267e23083-launcher:434676:435304 [1] NCCL INFO Channel 02/0 : 1[1] -> 0[0] via P2P/IPC
ts-8b1d8071943f9ab001945de267e23083-launcher:434679:435308 [4] NCCL INFO Channel 04/0 : 4[4] -> 3[3] via P2P/IPC
ts-8b1d8071943f9ab001945de267e23083-launcher:434678:435306 [3] NCCL INFO Channel 04/0 : 3[3] -> 2[2] via P2P/IPC
ts-8b1d8071943f9ab001945de267e23083-launcher:434677:435309 [2] NCCL INFO Channel 03/0 : 2[2] -> 1[1] via P2P/IPC
ts-8b1d8071943f9ab001945de267e23083-launcher:434676:435304 [1] NCCL INFO Channel 03/0 : 1[1] -> 0[0] via P2P/IPC
ts-8b1d8071943f9ab001945de267e23083-launcher:434679:435308 [4] NCCL INFO Channel 05/0 : 4[4] -> 3[3] via P2P/IPC
ts-8b1d8071943f9ab001945de267e23083-launcher:434678:435306 [3] NCCL INFO Channel 05/0 : 3[3] -> 2[2] via P2P/IPC
ts-8b1d8071943f9ab001945de267e23083-launcher:434677:435309 [2] NCCL INFO Channel 04/0 : 2[2] -> 1[1] via P2P/IPC
ts-8b1d8071943f9ab001945de267e23083-launcher:434676:435304 [1] NCCL INFO Channel 04/0 : 1[1] -> 0[0] via P2P/IPC
ts-8b1d8071943f9ab001945de267e23083-launcher:434679:435308 [4] NCCL INFO Channel 06/0 : 4[4] -> 3[3] via P2P/IPC
ts-8b1d8071943f9ab001945de267e23083-launcher:434678:435306 [3] NCCL INFO Channel 06/0 : 3[3] -> 2[2] via P2P/IPC
ts-8b1d8071943f9ab001945de267e23083-launcher:434677:435309 [2] NCCL INFO Channel 05/0 : 2[2] -> 1[1] via P2P/IPC
ts-8b1d8071943f9ab001945de267e23083-launcher:434676:435304 [1] NCCL INFO Channel 05/0 : 1[1] -> 0[0] via P2P/IPC
ts-8b1d8071943f9ab001945de267e23083-launcher:434679:435308 [4] NCCL INFO Channel 07/0 : 4[4] -> 3[3] via P2P/IPC
ts-8b1d8071943f9ab001945de267e23083-launcher:434678:435306 [3] NCCL INFO Channel 07/0 : 3[3] -> 2[2] via P2P/IPC
ts-8b1d8071943f9ab001945de267e23083-launcher:434677:435309 [2] NCCL INFO Channel 06/0 : 2[2] -> 1[1] via P2P/IPC
ts-8b1d8071943f9ab001945de267e23083-launcher:434676:435304 [1] NCCL INFO Channel 06/0 : 1[1] -> 0[0] via P2P/IPC
ts-8b1d8071943f9ab001945de267e23083-launcher:434679:435308 [4] NCCL INFO Channel 08/0 : 4[4] -> 3[3] via P2P/IPC
ts-8b1d8071943f9ab001945de267e23083-launcher:434678:435306 [3] NCCL INFO Channel 08/0 : 3[3] -> 2[2] via P2P/IPC
ts-8b1d8071943f9ab001945de267e23083-launcher:434677:435309 [2] NCCL INFO Channel 07/0 : 2[2] -> 1[1] via P2P/IPC
ts-8b1d8071943f9ab001945de267e23083-launcher:434676:435304 [1] NCCL INFO Channel 07/0 : 1[1] -> 0[0] via P2P/IPC
ts-8b1d8071943f9ab001945de267e23083-launcher:434679:435308 [4] NCCL INFO Channel 09/0 : 4[4] -> 3[3] via P2P/IPC
ts-8b1d8071943f9ab001945de267e23083-launcher:434678:435306 [3] NCCL INFO Channel 09/0 : 3[3] -> 2[2] via P2P/IPC
ts-8b1d8071943f9ab001945de267e23083-launcher:434677:435309 [2] NCCL INFO Channel 08/0 : 2[2] -> 1[1] via P2P/IPC
ts-8b1d8071943f9ab001945de267e23083-launcher:434676:435304 [1] NCCL INFO Channel 08/0 : 1[1] -> 0[0] via P2P/IPC
ts-8b1d8071943f9ab001945de267e23083-launcher:434679:435308 [4] NCCL INFO Channel 10/0 : 4[4] -> 3[3] via P2P/IPC
ts-8b1d8071943f9ab001945de267e23083-launcher:434678:435306 [3] NCCL INFO Channel 10/0 : 3[3] -> 2[2] via P2P/IPC
ts-8b1d8071943f9ab001945de267e23083-launcher:434677:435309 [2] NCCL INFO Channel 09/0 : 2[2] -> 1[1] via P2P/IPC
ts-8b1d8071943f9ab001945de267e23083-launcher:434676:435304 [1] NCCL INFO Channel 09/0 : 1[1] -> 0[0] via P2P/IPC
ts-8b1d8071943f9ab001945de267e23083-launcher:434679:435308 [4] NCCL INFO Channel 11/0 : 4[4] -> 3[3] via P2P/IPC
ts-8b1d8071943f9ab001945de267e23083-launcher:434678:435306 [3] NCCL INFO Channel 11/0 : 3[3] -> 2[2] via P2P/IPC
ts-8b1d8071943f9ab001945de267e23083-launcher:434677:435309 [2] NCCL INFO Channel 10/0 : 2[2] -> 1[1] via P2P/IPC
ts-8b1d8071943f9ab001945de267e23083-launcher:434679:435308 [4] NCCL INFO Channel 12/0 : 4[4] -> 3[3] via P2P/IPC
ts-8b1d8071943f9ab001945de267e23083-launcher:434676:435304 [1] NCCL INFO Channel 10/0 : 1[1] -> 0[0] via P2P/IPC
ts-8b1d8071943f9ab001945de267e23083-launcher:434678:435306 [3] NCCL INFO Channel 12/0 : 3[3] -> 2[2] via P2P/IPC
ts-8b1d8071943f9ab001945de267e23083-launcher:434677:435309 [2] NCCL INFO Channel 11/0 : 2[2] -> 1[1] via P2P/IPC
ts-8b1d8071943f9ab001945de267e23083-launcher:434679:435308 [4] NCCL INFO Channel 13/0 : 4[4] -> 3[3] via P2P/IPC
ts-8b1d8071943f9ab001945de267e23083-launcher:434676:435304 [1] NCCL INFO Channel 11/0 : 1[1] -> 0[0] via P2P/IPC
ts-8b1d8071943f9ab001945de267e23083-launcher:434678:435306 [3] NCCL INFO Channel 13/0 : 3[3] -> 2[2] via P2P/IPC
ts-8b1d8071943f9ab001945de267e23083-launcher:434677:435309 [2] NCCL INFO Channel 12/0 : 2[2] -> 1[1] via P2P/IPC
ts-8b1d8071943f9ab001945de267e23083-launcher:434679:435308 [4] NCCL INFO Channel 14/0 : 4[4] -> 3[3] via P2P/IPC
ts-8b1d8071943f9ab001945de267e23083-launcher:434676:435304 [1] NCCL INFO Channel 12/0 : 1[1] -> 0[0] via P2P/IPC
ts-8b1d8071943f9ab001945de267e23083-launcher:434678:435306 [3] NCCL INFO Channel 14/0 : 3[3] -> 2[2] via P2P/IPC
ts-8b1d8071943f9ab001945de267e23083-launcher:434677:435309 [2] NCCL INFO Channel 13/0 : 2[2] -> 1[1] via P2P/IPC
ts-8b1d8071943f9ab001945de267e23083-launcher:434679:435308 [4] NCCL INFO Channel 15/0 : 4[4] -> 3[3] via P2P/IPC
ts-8b1d8071943f9ab001945de267e23083-launcher:434676:435304 [1] NCCL INFO Channel 13/0 : 1[1] -> 0[0] via P2P/IPC
ts-8b1d8071943f9ab001945de267e23083-launcher:434678:435306 [3] NCCL INFO Channel 15/0 : 3[3] -> 2[2] via P2P/IPC
ts-8b1d8071943f9ab001945de267e23083-launcher:434677:435309 [2] NCCL INFO Channel 14/0 : 2[2] -> 1[1] via P2P/IPC
ts-8b1d8071943f9ab001945de267e23083-launcher:434676:435304 [1] NCCL INFO Channel 14/0 : 1[1] -> 0[0] via P2P/IPC
ts-8b1d8071943f9ab001945de267e23083-launcher:434677:435309 [2] NCCL INFO Channel 15/0 : 2[2] -> 1[1] via P2P/IPC
ts-8b1d8071943f9ab001945de267e23083-launcher:434676:435304 [1] NCCL INFO Channel 15/0 : 1[1] -> 0[0] via P2P/IPC
ts-8b1d8071943f9ab001945de267e23083-launcher:434680:435307 [5] NCCL INFO Connected all trees
ts-8b1d8071943f9ab001945de267e23083-launcher:434680:435307 [5] NCCL INFO threadThresholds 8/8/64 | 48/8/64 | 512 | 512
ts-8b1d8071943f9ab001945de267e23083-launcher:434680:435307 [5] NCCL INFO 16 coll channels, 0 collnet channels, 0 nvls channels, 16 p2p channels, 16 p2p channels per peer
ts-8b1d8071943f9ab001945de267e23083-launcher:434679:435308 [4] NCCL INFO Connected all trees
ts-8b1d8071943f9ab001945de267e23083-launcher:434679:435308 [4] NCCL INFO threadThresholds 8/8/64 | 48/8/64 | 512 | 512
ts-8b1d8071943f9ab001945de267e23083-launcher:434679:435308 [4] NCCL INFO 16 coll channels, 0 collnet channels, 0 nvls channels, 16 p2p channels, 16 p2p channels per peer
ts-8b1d8071943f9ab001945de267e23083-launcher:434678:435306 [3] NCCL INFO Connected all trees
ts-8b1d8071943f9ab001945de267e23083-launcher:434678:435306 [3] NCCL INFO threadThresholds 8/8/64 | 48/8/64 | 512 | 512
ts-8b1d8071943f9ab001945de267e23083-launcher:434678:435306 [3] NCCL INFO 16 coll channels, 0 collnet channels, 0 nvls channels, 16 p2p channels, 16 p2p channels per peer
ts-8b1d8071943f9ab001945de267e23083-launcher:434675:435305 [0] NCCL INFO Connected all trees
ts-8b1d8071943f9ab001945de267e23083-launcher:434677:435309 [2] NCCL INFO Connected all trees
ts-8b1d8071943f9ab001945de267e23083-launcher:434676:435304 [1] NCCL INFO Connected all trees
ts-8b1d8071943f9ab001945de267e23083-launcher:434675:435305 [0] NCCL INFO threadThresholds 8/8/64 | 48/8/64 | 512 | 512
ts-8b1d8071943f9ab001945de267e23083-launcher:434675:435305 [0] NCCL INFO 16 coll channels, 0 collnet channels, 0 nvls channels, 16 p2p channels, 16 p2p channels per peer
ts-8b1d8071943f9ab001945de267e23083-launcher:434677:435309 [2] NCCL INFO threadThresholds 8/8/64 | 48/8/64 | 512 | 512
ts-8b1d8071943f9ab001945de267e23083-launcher:434677:435309 [2] NCCL INFO 16 coll channels, 0 collnet channels, 0 nvls channels, 16 p2p channels, 16 p2p channels per peer
ts-8b1d8071943f9ab001945de267e23083-launcher:434676:435304 [1] NCCL INFO threadThresholds 8/8/64 | 48/8/64 | 512 | 512
ts-8b1d8071943f9ab001945de267e23083-launcher:434676:435304 [1] NCCL INFO 16 coll channels, 0 collnet channels, 0 nvls channels, 16 p2p channels, 16 p2p channels per peer
ts-8b1d8071943f9ab001945de267e23083-launcher:434678:435306 [3] NCCL INFO comm 0xd7ccbe0 rank 3 nranks 6 cudaDev 3 nvmlDev 3 busId c4000 commId 0x811072dd1d7135e3 - Init COMPLETE
ts-8b1d8071943f9ab001945de267e23083-launcher:434677:435309 [2] NCCL INFO comm 0xfa40ec0 rank 2 nranks 6 cudaDev 2 nvmlDev 2 busId 85000 commId 0x811072dd1d7135e3 - Init COMPLETE
ts-8b1d8071943f9ab001945de267e23083-launcher:434679:435308 [4] NCCL INFO comm 0x9586e60 rank 4 nranks 6 cudaDev 4 nvmlDev 4 busId d0000 commId 0x811072dd1d7135e3 - Init COMPLETE
ts-8b1d8071943f9ab001945de267e23083-launcher:434676:435304 [1] NCCL INFO comm 0x9d50f20 rank 1 nranks 6 cudaDev 1 nvmlDev 1 busId 62000 commId 0x811072dd1d7135e3 - Init COMPLETE
ts-8b1d8071943f9ab001945de267e23083-launcher:434675:435305 [0] NCCL INFO comm 0xa0650f0 rank 0 nranks 6 cudaDev 0 nvmlDev 0 busId 56000 commId 0x811072dd1d7135e3 - Init COMPLETE
ts-8b1d8071943f9ab001945de267e23083-launcher:434680:435307 [5] NCCL INFO comm 0xa68c770 rank 5 nranks 6 cudaDev 5 nvmlDev 5 busId dd000 commId 0x811072dd1d7135e3 - Init COMPLETE
  0%|          | 0/115 [00:00<?, ?it/s]  1%|          | 1/115 [00:09<17:44,  9.34s/it]  2%|▏         | 2/115 [00:15<14:28,  7.68s/it]  3%|▎         | 3/115 [00:22<13:21,  7.16s/it]  3%|▎         | 4/115 [00:28<12:47,  6.91s/it]  4%|▍         | 5/115 [00:35<12:25,  6.77s/it]  5%|▌         | 6/115 [00:42<12:10,  6.70s/it]  6%|▌         | 7/115 [00:48<11:57,  6.65s/it]  7%|▋         | 8/115 [00:55<11:47,  6.61s/it]  8%|▊         | 9/115 [01:01<11:37,  6.58s/it]  9%|▊         | 10/115 [01:08<11:29,  6.57s/it] 10%|▉         | 11/115 [01:14<11:21,  6.55s/it] 10%|█         | 12/115 [01:21<11:14,  6.55s/it] 11%|█▏        | 13/115 [01:27<11:06,  6.54s/it] 12%|█▏        | 14/115 [01:34<11:00,  6.54s/it] 13%|█▎        | 15/115 [01:40<10:53,  6.53s/it] 14%|█▍        | 16/115 [01:47<10:46,  6.53s/it] 15%|█▍        | 17/115 [01:53<10:40,  6.53s/it] 16%|█▌        | 18/115 [02:00<10:33,  6.53s/it] 17%|█▋        | 19/115 [02:06<10:26,  6.53s/it] 17%|█▋        | 20/115 [02:13<10:19,  6.53s/it]ts-8b1d8071943f9ab001945de267e23083-launcher:434675:435536 [0] NCCL INFO Using non-device net plugin version 0
ts-8b1d8071943f9ab001945de267e23083-launcher:434676:435537 [1] NCCL INFO Using non-device net plugin version 0
ts-8b1d8071943f9ab001945de267e23083-launcher:434675:435536 [0] NCCL INFO Using network Socket
ts-8b1d8071943f9ab001945de267e23083-launcher:434679:435539 [4] NCCL INFO Using non-device net plugin version 0
ts-8b1d8071943f9ab001945de267e23083-launcher:434679:435539 [4] NCCL INFO Using network Socket
ts-8b1d8071943f9ab001945de267e23083-launcher:434676:435537 [1] NCCL INFO Using network Socket
ts-8b1d8071943f9ab001945de267e23083-launcher:434678:435538 [3] NCCL INFO Using non-device net plugin version 0
ts-8b1d8071943f9ab001945de267e23083-launcher:434678:435538 [3] NCCL INFO Using network Socket
ts-8b1d8071943f9ab001945de267e23083-launcher:434680:435540 [5] NCCL INFO Using non-device net plugin version 0
ts-8b1d8071943f9ab001945de267e23083-launcher:434680:435540 [5] NCCL INFO Using network Socket
ts-8b1d8071943f9ab001945de267e23083-launcher:434677:435541 [2] NCCL INFO Using non-device net plugin version 0
ts-8b1d8071943f9ab001945de267e23083-launcher:434677:435541 [2] NCCL INFO Using network Socket
